Archive member included to satisfy reference by file (symbol)

app/libapp.a(main.c.obj)      (--whole-archive)
zephyr/libzephyr.a(validate_libc.c.obj)
                              (--whole-archive)
zephyr/libzephyr.a(heap.c.obj)
                              (--whole-archive)
zephyr/libzephyr.a(cbprintf_packaged.c.obj)
                              (--whole-archive)
zephyr/libzephyr.a(clock.c.obj)
                              (--whole-archive)
zephyr/libzephyr.a(printk.c.obj)
                              (--whole-archive)
zephyr/libzephyr.a(sem.c.obj)
                              (--whole-archive)
zephyr/libzephyr.a(thread_entry.c.obj)
                              (--whole-archive)
zephyr/libzephyr.a(cbprintf_complete.c.obj)
                              (--whole-archive)
zephyr/libzephyr.a(assert.c.obj)
                              (--whole-archive)
zephyr/libzephyr.a(mpsc_pbuf.c.obj)
                              (--whole-archive)
zephyr/libzephyr.a(dec.c.obj)
                              (--whole-archive)
zephyr/libzephyr.a(hex.c.obj)
                              (--whole-archive)
zephyr/libzephyr.a(rb.c.obj)  (--whole-archive)
zephyr/libzephyr.a(set.c.obj)
                              (--whole-archive)
zephyr/libzephyr.a(timeutil.c.obj)
                              (--whole-archive)
zephyr/libzephyr.a(bitarray.c.obj)
                              (--whole-archive)
zephyr/libzephyr.a(bitmask.c.obj)
                              (--whole-archive)
zephyr/libzephyr.a(getopt.c.obj)
                              (--whole-archive)
zephyr/libzephyr.a(getopt_common.c.obj)
                              (--whole-archive)
zephyr/libzephyr.a(ring_buffer.c.obj)
                              (--whole-archive)
zephyr/libzephyr.a(last_section_id.c.obj)
                              (--whole-archive)
zephyr/libzephyr.a(configs.c.obj)
                              (--whole-archive)
zephyr/libzephyr.a(log_core.c.obj)
                              (--whole-archive)
zephyr/libzephyr.a(log_mgmt.c.obj)
                              (--whole-archive)
zephyr/libzephyr.a(log_cache.c.obj)
                              (--whole-archive)
zephyr/libzephyr.a(log_msg.c.obj)
                              (--whole-archive)
zephyr/libzephyr.a(log_output.c.obj)
                              (--whole-archive)
zephyr/libzephyr.a(log_backend_uart.c.obj)
                              (--whole-archive)
zephyr/libzephyr.a(mem_attr.c.obj)
                              (--whole-archive)
zephyr/libzephyr.a(tracing_none.c.obj)
                              (--whole-archive)
zephyr/libzephyr.a(zephyr_port_layer.c.obj)
                              (--whole-archive)
zephyr/arch/common/libarch__common.a(sw_isr_common.c.obj)
                              (--whole-archive)
zephyr/arch/common/libarch__common.a(init.c.obj)
                              (--whole-archive)
zephyr/arch/common/libarch__common.a(xip.c.obj)
                              (--whole-archive)
zephyr/arch/common/libarch__common.a(multilevel_irq.c.obj)
                              (--whole-archive)
zephyr/arch/arch/arm/core/libarch__arm__core.a(fatal.c.obj)
                              (--whole-archive)
zephyr/arch/arch/arm/core/libarch__arm__core.a(nmi.c.obj)
                              (--whole-archive)
zephyr/arch/arch/arm/core/libarch__arm__core.a(nmi_on_reset.S.obj)
                              (--whole-archive)
zephyr/arch/arch/arm/core/libarch__arm__core.a(tls.c.obj)
                              (--whole-archive)
zephyr/arch/arch/arm/core/cortex_m/libarch__arm__core__cortex_m.a(fault.c.obj)
                              (--whole-archive)
zephyr/arch/arch/arm/core/cortex_m/libarch__arm__core__cortex_m.a(fault_s.S.obj)
                              (--whole-archive)
zephyr/arch/arch/arm/core/cortex_m/libarch__arm__core__cortex_m.a(fpu.c.obj)
                              (--whole-archive)
zephyr/arch/arch/arm/core/cortex_m/libarch__arm__core__cortex_m.a(reset.S.obj)
                              (--whole-archive)
zephyr/arch/arch/arm/core/cortex_m/libarch__arm__core__cortex_m.a(scb.c.obj)
                              (--whole-archive)
zephyr/arch/arch/arm/core/cortex_m/libarch__arm__core__cortex_m.a(vector_table.S.obj)
                              (--whole-archive)
zephyr/arch/arch/arm/core/cortex_m/libarch__arm__core__cortex_m.a(svc.S.obj)
                              (--whole-archive)
zephyr/arch/arch/arm/core/cortex_m/libarch__arm__core__cortex_m.a(irq_manage.c.obj)
                              (--whole-archive)
zephyr/arch/arch/arm/core/cortex_m/libarch__arm__core__cortex_m.a(prep_c.c.obj)
                              (--whole-archive)
zephyr/arch/arch/arm/core/cortex_m/libarch__arm__core__cortex_m.a(thread.c.obj)
                              (--whole-archive)
zephyr/arch/arch/arm/core/cortex_m/libarch__arm__core__cortex_m.a(cpu_idle.c.obj)
                              (--whole-archive)
[...]
Memory Configuration

Name             Origin             Length             Attributes
FLASH            0x00000000         0x00040000         xr
RAM              0x20000000         0x00040000         xw
ITCM             0x00000000         0x00040000         rw
vdev0vring0      0x88000000         0x00008000         rw
vdev0vring1      0x88008000         0x00008000         rw
vdevbuffer       0x88020000         0x00100000         rw
rsc_table        0x88220000         0x00001000         rw
IDT_LIST         0xffff7fff         0x00008000         xw
*default*        0x00000000         0xffffffff

Linker script and memory map

                0x00005500                        vfprintf = __l_vfprintf
                0x00000000                        vfscanf = __l_vfscanf
LOAD zephyr/CMakeFiles/zephyr_pre0.dir/misc/empty_file.c.obj
LOAD zephyr/CMakeFiles/offsets.dir/./arch/arm/core/offsets/offsets.c.obj
LOAD app/libapp.a
LOAD zephyr/libzephyr.a
LOAD zephyr/arch/common/libarch__common.a
LOAD zephyr/arch/arch/arm/core/libarch__arm__core.a
LOAD zephyr/arch/arch/arm/core/cortex_m/libarch__arm__core__cortex_m.a
LOAD zephyr/arch/arch/arm/core/mpu/libarch__arm__core__mpu.a
LOAD zephyr/lib/libc/picolibc/liblib__libc__picolibc.a
LOAD zephyr/lib/libc/common/liblib__libc__common.a
LOAD zephyr/lib/posix/c_lib_ext/liblib__posix__c_lib_ext.a
LOAD zephyr/soc/soc/mimx9596/imx9/imx95/m7/libsoc__nxp__imx__imx9__imx95__m7.a
LOAD zephyr/boards/nxp/imx95_evk/libboards__nxp__imx95_evk.a
LOAD zephyr/subsys/crc/libsubsys__crc.a
LOAD zephyr/drivers/firmware/scmi/libdrivers__firmware__scmi.a
LOAD zephyr/drivers/firmware/scmi/nxp/libdrivers__firmware__scmi__nxp.a
LOAD zephyr/drivers/interrupt_controller/libdrivers__interrupt_controller.a
LOAD zephyr/drivers/clock_control/libdrivers__clock_control.a
LOAD zephyr/drivers/console/libdrivers__console.a
LOAD zephyr/drivers/mbox/libdrivers__mbox.a
LOAD zephyr/drivers/pinctrl/libdrivers__pinctrl.a
LOAD zephyr/drivers/serial/libdrivers__serial.a
LOAD zephyr/drivers/timer/libdrivers__timer.a
LOAD modules/hal_nxp/libmodules__hal_nxp.a
LOAD modules/libmetal/libmetal/lib/libmetal.a
LOAD modules/open-amp/open-amp/lib/libopen_amp.a
LOAD modules/zephyr-rproc-ipc/drivers/remoteproc/lib..__zephyr-rproc-ipc__drivers__remoteproc.a
LOAD zephyr/kernel/libkernel.a
LOAD zephyr/arch/common/libisr_tables.a
LOAD /home/jonathan.beri@canonical.com/zephyr-sdk-1.0.1/gnu/arm-zephyr-eabi/bin/../lib/gcc/arm-zephyr-eabi/14.3.0/../../../../arm-zephyr-eabi/lib/thumb/v7e-m/nofp/space/libc.a
LOAD /home/jonathan.beri@canonical.com/zephyr-sdk-1.0.1/gnu/arm-zephyr-eabi/bin/../lib/gcc/arm-zephyr-eabi/14.3.0/thumb/v7e-m/nofp/space/libgcc.a
                0x00000020                        _region_min_align = 0x20

.rel.plt        0x00000000        0x0
 *(SORT_BY_ALIGNMENT(.rel.plt))
                [!provide]                        PROVIDE (__rel_iplt_start = .)
 *(SORT_BY_ALIGNMENT(.rel.iplt))
 .rel.iplt      0x00000000        0x0 app/libapp.a(main.c.obj)
                [!provide]                        PROVIDE (__rel_iplt_end = .)

.rela.plt       0x00000000        0x0
 *(SORT_BY_ALIGNMENT(.rela.plt))
                [!provide]                        PROVIDE (__rela_iplt_start = .)
 *(SORT_BY_ALIGNMENT(.rela.iplt))
                [!provide]                        PROVIDE (__rela_iplt_end = .)

.rel.dyn
 *(SORT_BY_ALIGNMENT(.rel.*))

.rela.dyn
 *(SORT_BY_ALIGNMENT(.rela.*))

/DISCARD/
 *(SORT_BY_ALIGNMENT(.plt))

/DISCARD/
 *(SORT_BY_ALIGNMENT(.iplt))
                0x00000000                        __rom_region_start = 0x0

rom_start       0x00000000      0x428
                0x00000000                        __rom_start_address = .
 FILL mask 0x00
                0x00000000                        . = (. + (0x0 - (. - __rom_start_address)))
                0x00000000                        . = ALIGN (0x4)
                0x00000000                        . = ALIGN (0x80)
                0x00000000                        . = ALIGN (0x800)
                0x00000000                        _vector_start = .
 *(SORT_BY_ALIGNMENT(.exc_vector_table))
 *(SORT_BY_ALIGNMENT(.exc_vector_table.*))
 .exc_vector_table._vector_table_section
                0x00000000       0x40 zephyr/arch/arch/arm/core/cortex_m/libarch__arm__core__cortex_m.a(vector_table.S.obj)
                0x00000000                _vector_table
 *(SORT_BY_ALIGNMENT(.vectors))
                0x00000428                        _vector_end = .
                0x00000040                        . = ALIGN (0x4)
 *(SORT_BY_ALIGNMENT(.gnu.linkonce.irq_vector_table*))
 .gnu.linkonce.irq_vector_table
                0x00000040      0x3e8 zephyr/arch/common/libisr_tables.a(isr_tables.c.obj)
                0x00000040                _irq_vector_table
                0x00000428                        _vector_end = .

text            0x00000428     0x7ab4
                0x00000428                        __text_region_start = .
 *(SORT_BY_ALIGNMENT(.text))
 .text          0x00000428       0x30 /home/jonathan.beri@canonical.com/zephyr-sdk-1.0.1/gnu/arm-zephyr-eabi/bin/../lib/gcc/arm-zephyr-eabi/14.3.0/thumb/v7e-m/nofp/space/libgcc.a(_aeabi_uldivmod.o)
                0x00000428                __aeabi_uldivmod
 .text          0x00000458        0x4 /home/jonathan.beri@canonical.com/zephyr-sdk-1.0.1/gnu/arm-zephyr-eabi/bin/../lib/gcc/arm-zephyr-eabi/14.3.0/thumb/v7e-m/nofp/space/libgcc.a(_dvmd_tls.o)
                0x00000458                __aeabi_ldiv0
                0x00000458                __aeabi_idiv0
 .text          0x0000045c       0x14 /home/jonathan.beri@canonical.com/zephyr-sdk-1.0.1/gnu/arm-zephyr-eabi/bin/../lib/gcc/arm-zephyr-eabi/14.3.0/../../../../arm-zephyr-eabi/lib/thumb/v7e-m/nofp/space/libc.a(strcmp.S.o)
                0x0000045c                strcmp
 .text          0x00000470       0x10 /home/jonathan.beri@canonical.com/zephyr-sdk-1.0.1/gnu/arm-zephyr-eabi/bin/../lib/gcc/arm-zephyr-eabi/14.3.0/../../../../arm-zephyr-eabi/lib/thumb/v7e-m/nofp/space/libc.a(strlen.S.o)
                0x00000470                strlen
 .text          0x00000480      0x2bc /home/jonathan.beri@canonical.com/zephyr-sdk-1.0.1/gnu/arm-zephyr-eabi/bin/../lib/gcc/arm-zephyr-eabi/14.3.0/thumb/v7e-m/nofp/space/libgcc.a(_udivmoddi4.o)
                0x00000480                __udivmoddi4
 *(SORT_BY_ALIGNMENT(.text.*))
 .text.ept_cb   0x0000073c       0x7c app/libapp.a(main.c.obj)
 .text.main     0x000007b8       0x74 app/libapp.a(main.c.obj)
                0x000007b8                main
 .text.sys_heap_free
                0x0000082c      0x108 zephyr/libzephyr.a(heap.c.obj)
                0x0000082c                sys_heap_free
 .text.cbvprintf_package
                0x00000934      0x368 zephyr/libzephyr.a(cbprintf_packaged.c.obj)
                0x00000934                cbvprintf_package
 .text.cbprintf_package_convert
                0x00000c9c      0x3c8 zephyr/libzephyr.a(cbprintf_packaged.c.obj)
                0x00000c9c                cbprintf_package_convert
 .text.__printk_hook_install
                0x00001064        0xc zephyr/libzephyr.a(printk.c.obj)
                0x00001064                __printk_hook_install
 .text.z_thread_entry
                0x00001070       0x34 zephyr/libzephyr.a(thread_entry.c.obj)
                0x00001070                z_thread_entry
 .text.activate_foreach_backend
                0x000010a4       0x60 zephyr/libzephyr.a(log_core.c.obj)
 .text.enable_logger
                0x00001104       0x58 zephyr/libzephyr.a(log_core.c.obj)
 .text.log_process_thread_timer_expiry_fn
                0x0000115c        0xc zephyr/libzephyr.a(log_core.c.obj)
 .text.z_log_init
                0x00001168       0x94 zephyr/libzephyr.a(log_core.c.obj)
 .text.log_format_func_t_get
                0x000011fc        0xc zephyr/libzephyr.a(log_core.c.obj)
                0x000011fc                log_format_func_t_get
 .text.log_set_timestamp_func
                0x00001208       0x20 zephyr/libzephyr.a(log_core.c.obj)
                0x00001208                log_set_timestamp_func
 .text.z_log_notify_backend_enabled
                0x00001228       0x1c zephyr/libzephyr.a(log_core.c.obj)
                0x00001228                z_log_notify_backend_enabled
 .text.z_log_dropped
                0x00001244       0x44 zephyr/libzephyr.a(log_core.c.obj)
                0x00001244                z_log_dropped
 .text.z_log_dropped_read_and_clear
                0x00001288       0x20 zephyr/libzephyr.a(log_core.c.obj)
                0x00001288                z_log_dropped_read_and_clear
 .text.dropped_notify
                0x000012a8       0x30 zephyr/libzephyr.a(log_core.c.obj)
                0x000012a8                dropped_notify
 .text.z_log_msg_init
                0x000012d8       0x20 zephyr/libzephyr.a(log_core.c.obj)
                0x000012d8                z_log_msg_init
 .text.log_core_init
                0x000012f8       0x50 zephyr/libzephyr.a(log_core.c.obj)
                0x000012f8                log_core_init
 .text.z_log_msg_alloc
                0x00001348       0x10 zephyr/libzephyr.a(log_core.c.obj)
                0x00001348                z_log_msg_alloc
 .text.z_log_msg_local_claim
                0x00001358        0xc zephyr/libzephyr.a(log_core.c.obj)
                0x00001358                z_log_msg_local_claim
 .text.z_log_msg_free
                0x00001364       0x10 zephyr/libzephyr.a(log_core.c.obj)
                0x00001364                z_log_msg_free
 .text.z_log_msg_pending
                0x00001374        0xc zephyr/libzephyr.a(log_core.c.obj)
                0x00001374                z_log_msg_pending
 .text.z_impl_log_process
                0x00001380       0xc4 zephyr/libzephyr.a(log_core.c.obj)
                0x00001380                z_impl_log_process
 .text.z_impl_log_panic
                0x00001444       0x44 zephyr/libzephyr.a(log_core.c.obj)
                0x00001444                z_impl_log_panic
 .text.log_process_thread_func
                0x00001488       0xa0 zephyr/libzephyr.a(log_core.c.obj)
 .text.z_log_msg_post_finalize
                0x00001528       0x78 zephyr/libzephyr.a(log_core.c.obj)
 .text.z_log_msg_commit
                0x000015a0       0x24 zephyr/libzephyr.a(log_core.c.obj)
                0x000015a0                z_log_msg_commit
 .text.log_source_name_get
                0x000015c4       0x1c zephyr/libzephyr.a(log_mgmt.c.obj)
                0x000015c4                log_source_name_get
 .text.z_impl_z_log_msg_static_create
                0x000015e0      0x100 zephyr/libzephyr.a(log_msg.c.obj)
                0x000015e0                z_impl_z_log_msg_static_create
 .text.z_log_msg_runtime_vcreate
                0x000016e0       0xa4 zephyr/libzephyr.a(log_msg.c.obj)
                0x000016e0                z_log_msg_runtime_vcreate
 .text.log_msg_get_source_id
                0x00001784       0x18 zephyr/libzephyr.a(log_msg.c.obj)
                0x00001784                log_msg_get_source_id
 .text.print_formatted
                0x0000179c       0x24 zephyr/libzephyr.a(log_output.c.obj)
 .text.newline_print
                0x000017c0       0x1c zephyr/libzephyr.a(log_output.c.obj)
 .text.log_output_process
                0x000017dc      0x26c zephyr/libzephyr.a(log_output.c.obj)
                0x000017dc                log_output_process
 .text.log_output_dropped_process
                0x00001a48       0x58 zephyr/libzephyr.a(log_output.c.obj)
                0x00001a48                log_output_dropped_process
 .text.log_output_timestamp_freq_set
                0x00001aa0       0x2c zephyr/libzephyr.a(log_output.c.obj)
                0x00001aa0                log_output_timestamp_freq_set
 .text.char_out
                0x00001acc       0x24 zephyr/libzephyr.a(log_backend_uart.c.obj)
 .text.mem_attr_get_regions
                0x00001af0        0xc zephyr/libzephyr.a(mem_attr.c.obj)
                0x00001af0                mem_attr_get_regions
 .text.arch_bss_zero
                0x00001afc       0x18 zephyr/arch/common/libarch__common.a(init.c.obj)
                0x00001afc                arch_bss_zero
 .text.arch_data_copy
                0x00001b14       0x38 zephyr/arch/common/libarch__common.a(xip.c.obj)
                0x00001b14                arch_data_copy
 .text.z_get_sw_isr_table_idx
                0x00001b4c       0x38 zephyr/arch/common/libarch__common.a(multilevel_irq.c.obj)
                0x00001b4c                z_get_sw_isr_table_idx
 .text.z_arm_fatal_error
                0x00001b84       0xb8 zephyr/arch/arch/arm/core/libarch__arm__core.a(fatal.c.obj)
                0x00001b84                z_arm_fatal_error
 .text.z_SysNmiOnReset
                0x00001c3c        0x8 zephyr/arch/arch/arm/core/libarch__arm__core.a(nmi_on_reset.S.obj)
                0x00001c3c                z_SysNmiOnReset
 .text.arch_tls_stack_setup
                0x00001c44       0x40 zephyr/arch/arch/arm/core/libarch__arm__core.a(tls.c.obj)
                0x00001c44                arch_tls_stack_setup
 .text.usage_fault.isra.0
                0x00001c84       0xa8 zephyr/arch/arch/arm/core/cortex_m/libarch__arm__core__cortex_m.a(fault.c.obj)
 .text.mem_manage_fault.isra.0
                0x00001d2c       0xd0 zephyr/arch/arch/arm/core/cortex_m/libarch__arm__core__cortex_m.a(fault.c.obj)
 .text.bus_fault.isra.0
                0x00001dfc       0xd0 zephyr/arch/arch/arm/core/cortex_m/libarch__arm__core__cortex_m.a(fault.c.obj)
 .text.z_arm_fault
                0x00001ecc      0x1dc zephyr/arch/arch/arm/core/cortex_m/libarch__arm__core__cortex_m.a(fault.c.obj)
                0x00001ecc                z_arm_fault
 .text.z_arm_fault_init
                0x000020a8       0x18 zephyr/arch/arch/arm/core/cortex_m/libarch__arm__core__cortex_m.a(fault.c.obj)
                0x000020a8                z_arm_fault_init
 .text.__fault  0x000020c0       0x14 zephyr/arch/arch/arm/core/cortex_m/libarch__arm__core__cortex_m.a(fault_s.S.obj)
                0x000020c0                z_arm_bus_fault
                0x000020c0                z_arm_usage_fault
                0x000020c0                z_arm_mpu_fault
                0x000020c0                z_arm_exc_spurious
                0x000020c0                z_arm_debug_monitor
                0x000020c0                z_arm_hard_fault
 .text._reset_section
                0x000020d4       0x34 zephyr/arch/arch/arm/core/cortex_m/libarch__arm__core__cortex_m.a(reset.S.obj)
                0x000020d4                z_arm_reset
                0x000020d4                __start
 .text.z_arm_svc
                0x00002108       0x24 zephyr/arch/arch/arm/core/cortex_m/libarch__arm__core__cortex_m.a(svc.S.obj)
                0x00002108                z_arm_svc
 .text.arm_irq_enable
                0x0000212c       0x1c zephyr/arch/arch/arm/core/cortex_m/libarch__arm__core__cortex_m.a(irq_manage.c.obj)
                0x0000212c                arm_irq_enable
 .text.arm_irq_disable
                0x00002148       0x28 zephyr/arch/arch/arm/core/cortex_m/libarch__arm__core__cortex_m.a(irq_manage.c.obj)
                0x00002148                arm_irq_disable
 .text.arm_irq_priority_set
                0x00002170       0x2c zephyr/arch/arch/arm/core/cortex_m/libarch__arm__core__cortex_m.a(irq_manage.c.obj)
                0x00002170                arm_irq_priority_set
 .text.relocate_vector_table
                0x0000219c       0x1c zephyr/arch/arch/arm/core/cortex_m/libarch__arm__core__cortex_m.a(prep_c.c.obj)
                0x0000219c                relocate_vector_table
 .text.z_prep_c
                0x000021b8       0x3c zephyr/arch/arch/arm/core/cortex_m/libarch__arm__core__cortex_m.a(prep_c.c.obj)
                0x000021b8                z_prep_c
 .text.arch_new_thread
                0x000021f4       0x2c zephyr/arch/arch/arm/core/cortex_m/libarch__arm__core__cortex_m.a(thread.c.obj)
                0x000021f4                arch_new_thread
 .text.arch_switch_to_main_thread
                0x00002220       0x38 zephyr/arch/arch/arm/core/cortex_m/libarch__arm__core__cortex_m.a(thread.c.obj)
                0x00002220                arch_switch_to_main_thread
 .text.z_arm_cpu_idle_init
                0x00002258        0xc zephyr/arch/arch/arm/core/cortex_m/libarch__arm__core__cortex_m.a(cpu_idle.c.obj)
                0x00002258                z_arm_cpu_idle_init
 .text._HandlerModeExit
                0x00002264       0x20 zephyr/arch/arch/arm/core/cortex_m/libarch__arm__core__cortex_m.a(exc_exit.c.obj)
                0x00002264                z_arm_exc_exit
                0x00002264                z_arm_int_exit
 .text.z_impl_k_thread_abort
                0x00002284       0x2c zephyr/arch/arch/arm/core/cortex_m/libarch__arm__core__cortex_m.a(thread_abort.c.obj)
                0x00002284                z_impl_k_thread_abort
 .text.z_arm_pendsv
                0x000022b0       0x54 zephyr/arch/arch/arm/core/cortex_m/libarch__arm__core__cortex_m.a(swap_helper.S.obj)
                0x000022b0                z_arm_pendsv
 .text.z_arm_interrupt_init
                0x00002304       0x18 zephyr/arch/arch/arm/core/cortex_m/libarch__arm__core__cortex_m.a(irq_init.c.obj)
                0x00002304                z_arm_interrupt_init
 .text._isr_wrapper
                0x0000231c       0x24 zephyr/arch/arch/arm/core/cortex_m/libarch__arm__core__cortex_m.a(isr_wrapper.c.obj)
                0x0000231c                _isr_wrapper
 .text.__aeabi_read_tp
                0x00002340        0xc zephyr/arch/arch/arm/core/cortex_m/libarch__arm__core__cortex_m.a(__aeabi_read_tp.S.obj)
                0x00002340                __aeabi_read_tp
 .text.arch_dcache_enable
                0x0000234c       0x5c zephyr/arch/arch/arm/core/cortex_m/libarch__arm__core__cortex_m.a(cache.c.obj)
                0x0000234c                arch_dcache_enable
 .text.arch_dcache_flush_range
                0x000023a8       0x30 zephyr/arch/arch/arm/core/cortex_m/libarch__arm__core__cortex_m.a(cache.c.obj)
                0x000023a8                arch_dcache_flush_range
 .text.arch_dcache_invd_range
                0x000023d8       0x30 zephyr/arch/arch/arm/core/cortex_m/libarch__arm__core__cortex_m.a(cache.c.obj)
                0x000023d8                arch_dcache_invd_range
 .text.arch_icache_enable
                0x00002408       0x34 zephyr/arch/arch/arm/core/cortex_m/libarch__arm__core__cortex_m.a(cache.c.obj)
                0x00002408                arch_icache_enable
 .text.z_arm_configure_static_mpu_regions
                0x0000243c       0x18 zephyr/arch/arch/arm/core/mpu/libarch__arm__core__mpu.a(arm_core_mpu.c.obj)
                0x0000243c                z_arm_configure_static_mpu_regions
 .text.region_allocate_and_init
                0x00002454       0x54 zephyr/arch/arch/arm/core/mpu/libarch__arm__core__mpu.a(arm_mpu.c.obj)
 .text.mpu_configure_regions
                0x000024a8       0x68 zephyr/arch/arch/arm/core/mpu/libarch__arm__core__mpu.a(arm_mpu.c.obj)
 .text.arm_core_mpu_enable
                0x00002510       0x18 zephyr/arch/arch/arm/core/mpu/libarch__arm__core__mpu.a(arm_mpu.c.obj)
                0x00002510                arm_core_mpu_enable
 .text.arm_core_mpu_disable
                0x00002528       0x14 zephyr/arch/arch/arm/core/mpu/libarch__arm__core__mpu.a(arm_mpu.c.obj)
                0x00002528                arm_core_mpu_disable
 .text.arm_core_mpu_configure_static_mpu_regions
                0x0000253c       0x14 zephyr/arch/arch/arm/core/mpu/libarch__arm__core__mpu.a(arm_mpu.c.obj)
                0x0000253c                arm_core_mpu_configure_static_mpu_regions
 .text.z_arm_mpu_init
                0x00002550      0x194 zephyr/arch/arch/arm/core/mpu/libarch__arm__core__mpu.a(arm_mpu.c.obj)
                0x00002550                z_arm_mpu_init
 .text.cbvprintf
                0x000026e4       0x38 zephyr/lib/libc/picolibc/liblib__libc__picolibc.a(cbprintf.c.obj)
                0x000026e4                cbvprintf
 .text.z_impl_zephyr_fputc
                0x0000271c       0x10 zephyr/lib/libc/picolibc/liblib__libc__picolibc.a(stdio.c.obj)
                0x0000271c                z_impl_zephyr_fputc
 .text.__stdout_hook_install
                0x0000272c       0x18 zephyr/lib/libc/picolibc/liblib__libc__picolibc.a(stdio.c.obj)
                0x0000272c                __stdout_hook_install
 .text.malloc_prepare
                0x00002744       0x24 zephyr/lib/libc/common/liblib__libc__common.a(malloc.c.obj)
 .text.crc32_ieee_update
                0x00002768       0x3c zephyr/subsys/crc/libsubsys__crc.a(crc32_sw.c.obj)
                0x00002768                crc32_ieee_update
 .text.scmi_core_reply_cb
                0x000027a4       0x14 zephyr/drivers/firmware/scmi/libdrivers__firmware__scmi.a(core.c.obj)
 .text.scmi_status_to_errno
                0x000027b8       0x14 zephyr/drivers/firmware/scmi/libdrivers__firmware__scmi.a(core.c.obj)
                0x000027b8                scmi_status_to_errno
 .text.scmi_send_message
                0x000027cc       0xf4 zephyr/drivers/firmware/scmi/libdrivers__firmware__scmi.a(core.c.obj)
                0x000027cc                scmi_send_message
 .text.scmi_core_transport_init
                0x000028c0      0x158 zephyr/drivers/firmware/scmi/libdrivers__firmware__scmi.a(core.c.obj)
                0x000028c0                scmi_core_transport_init
 .text.scmi_mbox_send_message
                0x00002a18       0x54 zephyr/drivers/firmware/scmi/libdrivers__firmware__scmi.a(mailbox.c.obj)
 .text.scmi_mbox_setup_chan
                0x00002a6c       0x70 zephyr/drivers/firmware/scmi/libdrivers__firmware__scmi.a(mailbox.c.obj)
 .text.scmi_shmem_read_message
                0x00002adc       0x98 zephyr/drivers/firmware/scmi/libdrivers__firmware__scmi.a(shmem.c.obj)
                0x00002adc                scmi_shmem_read_message
 .text.scmi_pinctrl_settings_configure
                0x00002b74       0x64 zephyr/drivers/firmware/scmi/libdrivers__firmware__scmi.a(pinctrl.c.obj)
                0x00002b74                scmi_pinctrl_settings_configure
 .text.scmi_shmem_vendor_read_message
                0x00002bd8       0x4c zephyr/drivers/firmware/scmi/nxp/libdrivers__firmware__scmi__nxp.a(shmem.c.obj)
                0x00002bd8                scmi_shmem_vendor_read_message
 .text.scmi_shmem_vendor_write_message
                0x00002c24       0x34 zephyr/drivers/firmware/scmi/nxp/libdrivers__firmware__scmi__nxp.a(shmem.c.obj)
                0x00002c24                scmi_shmem_vendor_write_message
 .text.scmi_nxp_cpu_sleep_mode_set
                0x00002c58       0x4c zephyr/drivers/firmware/scmi/nxp/libdrivers__firmware__scmi__nxp.a(cpu.c.obj)
                0x00002c58                scmi_nxp_cpu_sleep_mode_set
 .text.irqsteer_isr_dispatcher
                0x00002ca4       0xf4 zephyr/drivers/interrupt_controller/libdrivers__interrupt_controller.a(intc_nxp_irqsteer.c.obj)
 .text.irqstr_request_l1_irq_unlocked.part.0
                0x00002d98       0x14 zephyr/drivers/interrupt_controller/libdrivers__interrupt_controller.a(intc_nxp_irqsteer.c.obj)
 .text.irqstr_request_l1_irq_unlocked
                0x00002dac       0x4c zephyr/drivers/interrupt_controller/libdrivers__interrupt_controller.a(intc_nxp_irqsteer.c.obj)
 .text.irqstr_release_l1_irq_unlocked.part.0
                0x00002df8       0x14 zephyr/drivers/interrupt_controller/libdrivers__interrupt_controller.a(intc_nxp_irqsteer.c.obj)
 .text.irqstr_release_l1_irq_unlocked
                0x00002e0c       0x44 zephyr/drivers/interrupt_controller/libdrivers__interrupt_controller.a(intc_nxp_irqsteer.c.obj)
 .text.z_soc_irq_enable_disable
                0x00002e50      0x174 zephyr/drivers/interrupt_controller/libdrivers__interrupt_controller.a(intc_nxp_irqsteer.c.obj)
                0x00002e50                z_soc_irq_enable_disable
 .text.scmi_clock_init
                0x00002fc4       0x34 zephyr/drivers/clock_control/libdrivers__clock_control.a(clock_control_arm_scmi.c.obj)
 .text.uart_console_init
                0x00002ff8       0x28 zephyr/drivers/console/libdrivers__console.a(uart_console.c.obj)
 .text.console_out
                0x00003020       0x28 zephyr/drivers/console/libdrivers__console.a(uart_console.c.obj)
 .text.nxp_imx_mu_send
                0x00003048       0x4c zephyr/drivers/mbox/libdrivers__mbox.a(mbox_nxp_imx_mu.c.obj)
 .text.nxp_imx_mu_0_init
                0x00003094       0x20 zephyr/drivers/mbox/libdrivers__mbox.a(mbox_nxp_imx_mu.c.obj)
 .text.nxp_imx_mu_1_init
                0x000030b4       0x20 zephyr/drivers/mbox/libdrivers__mbox.a(mbox_nxp_imx_mu.c.obj)
 .text.mu_isr   0x000030d4       0xc8 zephyr/drivers/mbox/libdrivers__mbox.a(mbox_nxp_imx_mu.c.obj)
 .text.nxp_imx_mu_set_enabled
                0x0000319c       0x60 zephyr/drivers/mbox/libdrivers__mbox.a(mbox_nxp_imx_mu.c.obj)
 .text.pinctrl_configure_pins
                0x000031fc       0xa4 zephyr/drivers/pinctrl/libdrivers__pinctrl.a(pinctrl_imx_scmi.c.obj)
                0x000031fc                pinctrl_configure_pins
 .text.mcux_lpuart_configure_init
                0x000032a0      0x1b8 zephyr/drivers/serial/libdrivers__serial.a(uart_mcux_lpuart.c.obj)
 .text.mcux_lptmr_timer_isr
                0x00003458       0x4c zephyr/drivers/timer/libdrivers__timer.a(mcux_lptmr_timer.c.obj)
 .text.sys_clock_driver_init
                0x000034a4       0x60 zephyr/drivers/timer/libdrivers__timer.a(mcux_lptmr_timer.c.obj)
 .text.sys_clock_set_timeout
                0x00003504       0xb0 zephyr/drivers/timer/libdrivers__timer.a(mcux_lptmr_timer.c.obj)
                0x00003504                sys_clock_set_timeout
 .text.sys_clock_elapsed
                0x000035b4       0x30 zephyr/drivers/timer/libdrivers__timer.a(mcux_lptmr_timer.c.obj)
                0x000035b4                sys_clock_elapsed
 .text.sys_clock_cycle_get_32
                0x000035e4       0x18 zephyr/drivers/timer/libdrivers__timer.a(mcux_lptmr_timer.c.obj)
                0x000035e4                sys_clock_cycle_get_32
 .text.LPUART_Init
                0x000035fc      0x1b0 modules/hal_nxp/libmodules__hal_nxp.a(fsl_lpuart.c.obj)
                0x000035fc                LPUART_Init
 .text.LPUART_GetEnabledInterrupts
                0x000037ac       0x2c modules/hal_nxp/libmodules__hal_nxp.a(fsl_lpuart.c.obj)
                0x000037ac                LPUART_GetEnabledInterrupts
 .text.LPUART_GetStatusFlags
                0x000037d8       0x18 modules/hal_nxp/libmodules__hal_nxp.a(fsl_lpuart.c.obj)
                0x000037d8                LPUART_GetStatusFlags
 .text.LPUART_ClearStatusFlags
                0x000037f0       0x3c modules/hal_nxp/libmodules__hal_nxp.a(fsl_lpuart.c.obj)
                0x000037f0                LPUART_ClearStatusFlags
 .text.virtio_create_virtqueues
                0x0000382c       0x78 modules/open-amp/open-amp/lib/libopen_amp.a(virtio.c.obj)
                0x0000382c                virtio_create_virtqueues
 .text.virtqueue_free
                0x000038a4       0x38 modules/open-amp/open-amp/lib/libopen_amp.a(virtqueue.c.obj)
                0x000038a4                virtqueue_free
 .text.virtqueue_add_consumed_buffer
                0x000038dc       0x50 modules/open-amp/open-amp/lib/libopen_amp.a(virtqueue.c.obj)
                0x000038dc                virtqueue_add_consumed_buffer
 .text.rpmsg_send_offchannel_raw
                0x0000392c       0x2c modules/open-amp/open-amp/lib/libopen_amp.a(rpmsg.c.obj)
                0x0000392c                rpmsg_send_offchannel_raw
 .text.rpmsg_create_ept
                0x00003958      0x114 modules/open-amp/open-amp/lib/libopen_amp.a(rpmsg.c.obj)
                0x00003958                rpmsg_create_ept
 .text.rpmsg_virtio_buf_held_dec_test
                0x00003a6c       0x38 modules/open-amp/open-amp/lib/libopen_amp.a(rpmsg_virtio.c.obj)
 .text.rpmsg_virtio_get_tx_buffer_size
                0x00003aa4       0x44 modules/open-amp/open-amp/lib/libopen_amp.a(rpmsg_virtio.c.obj)
                0x00003aa4                rpmsg_virtio_get_tx_buffer_size
 .text.rpmsg_virtio_get_rx_buffer_size
                0x00003ae8       0x44 modules/open-amp/open-amp/lib/libopen_amp.a(rpmsg_virtio.c.obj)
                0x00003ae8                rpmsg_virtio_get_rx_buffer_size
 .text.rpmsg_virtio_send_offchannel_raw
                0x00003b2c       0x5c modules/open-amp/open-amp/lib/libopen_amp.a(rpmsg_virtio.c.obj)
 .text.rpmsg_init_vdev_with_config
                0x00003b88      0x1b0 modules/open-amp/open-amp/lib/libopen_amp.a(rpmsg_virtio.c.obj)
                0x00003b88                rpmsg_init_vdev_with_config
 .text.rproc_virtio_create_virtqueues
                0x00003d38       0xb0 modules/open-amp/open-amp/lib/libopen_amp.a(remoteproc_virtio.c.obj)
 .text.rproc_virtio_create_vdev
                0x00003de8       0x84 modules/open-amp/open-amp/lib/libopen_amp.a(remoteproc_virtio.c.obj)
                0x00003de8                rproc_virtio_create_vdev
 .text.rpmsg_ns_bind_callback
                0x00003e6c       0x14 modules/zephyr-rproc-ipc/drivers/remoteproc/lib..__zephyr-rproc-ipc__drivers__remoteproc.a(rpmsg_virtio_device.c.obj)
 .text.carveout_region_init.part.0
                0x00003e80       0x3c modules/zephyr-rproc-ipc/drivers/remoteproc/lib..__zephyr-rproc-ipc__drivers__remoteproc.a(rpmsg_virtio_device.c.obj)
 .text.rvdev_init
                0x00003ebc      0x1f8 modules/zephyr-rproc-ipc/drivers/remoteproc/lib..__zephyr-rproc-ipc__drivers__remoteproc.a(rpmsg_virtio_device.c.obj)
 .text.rvdev_reset_callback
                0x000040b4       0x14 modules/zephyr-rproc-ipc/drivers/remoteproc/lib..__zephyr-rproc-ipc__drivers__remoteproc.a(rpmsg_virtio_device.c.obj)
 .text.rsc_table_get
                0x000040c8       0x30 modules/zephyr-rproc-ipc/drivers/remoteproc/lib..__zephyr-rproc-ipc__drivers__remoteproc.a(resource_table.c.obj)
 .text.k_sys_fatal_error_handler
                0x000040f8       0x20 zephyr/kernel/libkernel.a(fatal.c.obj)
                0x000040f8                k_sys_fatal_error_handler
 .text.z_fatal_error
                0x00004118       0xec zephyr/kernel/libkernel.a(fatal.c.obj)
                0x00004118                z_fatal_error
 .text.z_sys_init_run_level
                0x00004204       0x30 zephyr/kernel/libkernel.a(init.c.obj)
 .text.bg_thread_main
                0x00004234       0xbc zephyr/kernel/libkernel.a(init.c.obj)
 .text.z_init_cpu
                0x000042f0       0x68 zephyr/kernel/libkernel.a(init.c.obj)
                0x000042f0                z_init_cpu
 .text.z_cstart
                0x00004358       0xcc zephyr/kernel/libkernel.a(init.c.obj)
                0x00004358                z_cstart
 .text.z_impl_k_mutex_lock
                0x00004424       0xe4 zephyr/kernel/libkernel.a(mutex.c.obj)
                0x00004424                z_impl_k_mutex_lock
 .text.z_impl_k_mutex_unlock
                0x00004508       0xa0 zephyr/kernel/libkernel.a(mutex.c.obj)
                0x00004508                z_impl_k_mutex_unlock
 .text.z_impl_k_sem_give
                0x000045a8       0x68 zephyr/kernel/libkernel.a(sem.c.obj)
                0x000045a8                z_impl_k_sem_give
 .text.z_impl_k_sem_take
                0x00004610       0x4c zephyr/kernel/libkernel.a(sem.c.obj)
                0x00004610                z_impl_k_sem_take
 .text.work_queue_main
                0x0000465c      0x160 zephyr/kernel/libkernel.a(work.c.obj)
 .text.k_work_queue_start
                0x000047bc       0x80 zephyr/kernel/libkernel.a(work.c.obj)
                0x000047bc                k_work_queue_start
 .text.z_setup_new_thread
                0x0000483c       0x7c zephyr/kernel/libkernel.a(thread.c.obj)
                0x0000483c                z_setup_new_thread
 .text.z_impl_k_thread_create
                0x000048b8       0x58 zephyr/kernel/libkernel.a(thread.c.obj)
                0x000048b8                z_impl_k_thread_create
 .text.z_dummy_thread_init
                0x00004910       0x20 zephyr/kernel/libkernel.a(thread.c.obj)
                0x00004910                z_dummy_thread_init
 .text.z_swap_irqlock
                0x00004930       0x30 zephyr/kernel/libkernel.a(sched.c.obj)
 .text.ready_thread
                0x00004960       0x80 zephyr/kernel/libkernel.a(sched.c.obj)
 .text.unready_thread
                0x000049e0       0x54 zephyr/kernel/libkernel.a(sched.c.obj)
 .text.add_thread_timeout
                0x00004a34       0x1c zephyr/kernel/libkernel.a(sched.c.obj)
 .text.reschedule.isra.0
                0x00004a50       0x28 zephyr/kernel/libkernel.a(sched.c.obj)
 .text.move_current_to_end_of_prio_q
                0x00004a78       0x6c zephyr/kernel/libkernel.a(sched.c.obj)
                0x00004a78                move_current_to_end_of_prio_q
 .text.z_pend_curr
                0x00004ae4       0x44 zephyr/kernel/libkernel.a(sched.c.obj)
                0x00004ae4                z_pend_curr
 .text.z_thread_prio_set
                0x00004b28       0xd8 zephyr/kernel/libkernel.a(sched.c.obj)
                0x00004b28                z_thread_prio_set
 .text.k_sched_lock
                0x00004c00       0x28 zephyr/kernel/libkernel.a(sched.c.obj)
                0x00004c00                k_sched_lock
 .text.k_sched_unlock
                0x00004c28       0x54 zephyr/kernel/libkernel.a(sched.c.obj)
                0x00004c28                k_sched_unlock
 .text.z_sched_init
                0x00004c7c       0x10 zephyr/kernel/libkernel.a(sched.c.obj)
                0x00004c7c                z_sched_init
 .text.z_impl_k_yield
                0x00004c8c       0x84 zephyr/kernel/libkernel.a(sched.c.obj)
                0x00004c8c                z_impl_k_yield
 .text.z_tick_sleep
                0x00004d10       0x78 zephyr/kernel/libkernel.a(sched.c.obj)
 .text.z_impl_k_sched_current_thread_query
                0x00004d88        0xc zephyr/kernel/libkernel.a(sched.c.obj)
                0x00004d88                z_impl_k_sched_current_thread_query
 .text.z_thread_abort
                0x00004d94      0x13c zephyr/kernel/libkernel.a(sched.c.obj)
                0x00004d94                z_thread_abort
 .text.z_sched_wait
                0x00004ed0       0x24 zephyr/kernel/libkernel.a(sched.c.obj)
                0x00004ed0                z_sched_wait
 .text.z_time_slice_size
                0x00004ef4       0x40 zephyr/kernel/libkernel.a(timeslicing.c.obj)
 .text.slice_timeout
                0x00004f34       0x20 zephyr/kernel/libkernel.a(timeslicing.c.obj)
 .text.z_reset_time_slice
                0x00004f54       0x44 zephyr/kernel/libkernel.a(timeslicing.c.obj)
                0x00004f54                z_reset_time_slice
 .text.z_time_slice
                0x00004f98       0x5c zephyr/kernel/libkernel.a(timeslicing.c.obj)
                0x00004f98                z_time_slice
 .text.first    0x00004ff4       0x10 zephyr/kernel/libkernel.a(timeout.c.obj)
 .text.elapsed  0x00005004       0x14 zephyr/kernel/libkernel.a(timeout.c.obj)
 .text.remove_timeout
                0x00005018       0x38 zephyr/kernel/libkernel.a(timeout.c.obj)
 .text.z_add_timeout
                0x00005050      0x120 zephyr/kernel/libkernel.a(timeout.c.obj)
                0x00005050                z_add_timeout
 .text.sys_clock_announce_locked
                0x00005170       0xb8 zephyr/kernel/libkernel.a(timeout.c.obj)
                0x00005170                sys_clock_announce_locked
 .text.sys_clock_tick_get
                0x00005228       0x30 zephyr/kernel/libkernel.a(timeout.c.obj)
                0x00005228                sys_clock_tick_get
 .text.z_timer_expiration_handler
                0x00005258      0x108 zephyr/kernel/libkernel.a(timer.c.obj)
                0x00005258                z_timer_expiration_handler
 .text.z_impl_k_timer_start
                0x00005360       0x70 zephyr/kernel/libkernel.a(timer.c.obj)
                0x00005360                z_impl_k_timer_start
 .text.z_impl_k_timer_stop
                0x000053d0       0x60 zephyr/kernel/libkernel.a(timer.c.obj)
                0x000053d0                z_impl_k_timer_stop
 .text.k_malloc
                0x00005430       0x14 zephyr/kernel/libkernel.a(mempool.c.obj)
                0x00005430                k_malloc
 .text.k_thread_system_pool_assign
                0x00005444        0xc zephyr/kernel/libkernel.a(mempool.c.obj)
                0x00005444                k_thread_system_pool_assign
 .text.boot_banner
                0x00005450        0xc zephyr/kernel/libkernel.a(banner.c.obj)
                0x00005450                boot_banner
 .text.statics_init
                0x0000545c       0x24 zephyr/kernel/libkernel.a(kheap.c.obj)
 .text.k_sys_work_q_init
                0x00005480       0x2c zephyr/kernel/libkernel.a(system_work_q.c.obj)
 .text.snprintf
                0x000054ac       0x54 /home/jonathan.beri@canonical.com/zephyr-sdk-1.0.1/gnu/arm-zephyr-eabi/bin/../lib/gcc/arm-zephyr-eabi/14.3.0/../../../../arm-zephyr-eabi/lib/thumb/v7e-m/nofp/space/libc.a(libc_tinystdio_snprintf.c.o)
                0x000054ac                snprintf
 .text.__l_vfprintf
                0x00005500      0x488 /home/jonathan.beri@canonical.com/zephyr-sdk-1.0.1/gnu/arm-zephyr-eabi/bin/../lib/gcc/arm-zephyr-eabi/14.3.0/../../../../arm-zephyr-eabi/lib/thumb/v7e-m/nofp/space/libc.a(libc_tinystdio_vflprintf.c.o)
                0x00005500                __l_vfprintf
 .text._OffsetAbsSyms
                0x00005988        0x2 zephyr/CMakeFiles/offsets.dir/./arch/arm/core/offsets/offsets.c.obj
                0x00005988                _OffsetAbsSyms
 .text.chunk_size
                0x0000598a        0xa zephyr/libzephyr.a(heap.c.obj)
 .text.free_list_add
                0x00005994       0x4e zephyr/libzephyr.a(heap.c.obj)
 .text.free_list_remove_bidx
                0x000059e2       0x3a zephyr/libzephyr.a(heap.c.obj)
 .text.free_list_remove
                0x00005a1c       0x1a zephyr/libzephyr.a(heap.c.obj)
 .text.alloc_chunk
                0x00005a36       0x70 zephyr/libzephyr.a(heap.c.obj)
 .text.merge_chunks
                0x00005aa6       0x2e zephyr/libzephyr.a(heap.c.obj)
 .text.split_chunks
                0x00005ad4       0x38 zephyr/libzephyr.a(heap.c.obj)
 .text.sys_heap_alloc
                0x00005b0c       0x5a zephyr/libzephyr.a(heap.c.obj)
                0x00005b0c                sys_heap_alloc
 .text.sys_heap_noalign_alloc
                0x00005b66        0x6 zephyr/libzephyr.a(heap.c.obj)
                0x00005b66                sys_heap_noalign_alloc
 .text.sys_heap_init
                0x00005b6c       0x82 zephyr/libzephyr.a(heap.c.obj)
                0x00005b6c                sys_heap_init
 .text.cbpprintf_external
                0x00005bee       0x62 zephyr/libzephyr.a(cbprintf_packaged.c.obj)
                0x00005bee                cbpprintf_external
 .text.is_ptr   0x00005c50       0x3a zephyr/libzephyr.a(cbprintf_packaged.c.obj)
                0x00005c50                is_ptr
 .text.arch_printk_char_out
                0x00005c8a        0x4 zephyr/libzephyr.a(printk.c.obj)
                0x00005c8a                arch_printk_char_out
 .text.printk   0x00005c8e       0x1a zephyr/libzephyr.a(printk.c.obj)
                0x00005c8e                printk
 .text.free_space
                0x00005ca8       0x26 zephyr/libzephyr.a(mpsc_pbuf.c.obj)
 .text.get_usage
                0x00005cce       0x22 zephyr/libzephyr.a(mpsc_pbuf.c.obj)
 .text.idx_inc  0x00005cf0       0x1c zephyr/libzephyr.a(mpsc_pbuf.c.obj)
 .text.rd_idx_inc
                0x00005d0c       0x18 zephyr/libzephyr.a(mpsc_pbuf.c.obj)
 .text.add_skip_item
                0x00005d24       0x3a zephyr/libzephyr.a(mpsc_pbuf.c.obj)
 .text.drop_item_locked
                0x00005d5e       0xf8 zephyr/libzephyr.a(mpsc_pbuf.c.obj)
 .text.post_drop_action
                0x00005e56       0x36 zephyr/libzephyr.a(mpsc_pbuf.c.obj)
 .text.max_utilization_update
                0x00005e8c       0x1a zephyr/libzephyr.a(mpsc_pbuf.c.obj)
 .text.mpsc_pbuf_init
                0x00005ea6       0x42 zephyr/libzephyr.a(mpsc_pbuf.c.obj)
                0x00005ea6                mpsc_pbuf_init
 .text.mpsc_pbuf_alloc
                0x00005ee8       0xfa zephyr/libzephyr.a(mpsc_pbuf.c.obj)
                0x00005ee8                mpsc_pbuf_alloc
 .text.mpsc_pbuf_commit
                0x00005fe2       0x3e zephyr/libzephyr.a(mpsc_pbuf.c.obj)
                0x00005fe2                mpsc_pbuf_commit
 .text.mpsc_pbuf_claim
                0x00006020       0xb6 zephyr/libzephyr.a(mpsc_pbuf.c.obj)
                0x00006020                mpsc_pbuf_claim
 .text.mpsc_pbuf_free
                0x000060d6       0x76 zephyr/libzephyr.a(mpsc_pbuf.c.obj)
                0x000060d6                mpsc_pbuf_free
 .text.mpsc_pbuf_is_pending
                0x0000614c       0x30 zephyr/libzephyr.a(mpsc_pbuf.c.obj)
                0x0000614c                mpsc_pbuf_is_pending
 .text._ConfigAbsSyms
                0x0000617c        0x2 zephyr/libzephyr.a(configs.c.obj)
                0x0000617c                _ConfigAbsSyms
 .text.log_msg_generic_get_wlen
                0x0000617e       0x20 zephyr/libzephyr.a(log_core.c.obj)
 .text.dummy_timestamp
                0x0000619e        0x4 zephyr/libzephyr.a(log_core.c.obj)
 .text.default_get_timestamp
                0x000061a2        0x4 zephyr/libzephyr.a(log_core.c.obj)
 .text.atomic_inc
                0x000061a6       0x1a zephyr/libzephyr.a(log_core.c.obj)
 .text.z_log_vprintk
                0x000061c0       0x1c zephyr/libzephyr.a(log_core.c.obj)
                0x000061c0                z_log_vprintk
 .text.z_log_notify_drop
                0x000061dc        0x6 zephyr/libzephyr.a(log_core.c.obj)
 .text.z_log_get_tag
                0x000061e2        0x4 zephyr/libzephyr.a(log_core.c.obj)
                0x000061e2                z_log_get_tag
 .text.log_backend_enable
                0x000061e6       0x12 zephyr/libzephyr.a(log_mgmt.c.obj)
                0x000061e6                log_backend_enable
 .text.z_cbprintf_cpy
                0x000061f8       0x2e zephyr/libzephyr.a(log_msg.c.obj)
 .text.z_log_msg_finalize
                0x00006226       0x32 zephyr/libzephyr.a(log_msg.c.obj)
                0x00006226                z_log_msg_finalize
 .text.z_log_msg_simple_create
                0x00006258       0x6e zephyr/libzephyr.a(log_msg.c.obj)
 .text.z_impl_z_log_msg_simple_create_0
                0x000062c6       0x12 zephyr/libzephyr.a(log_msg.c.obj)
                0x000062c6                z_impl_z_log_msg_simple_create_0
 .text.z_impl_z_log_msg_simple_create_1
                0x000062d8       0x14 zephyr/libzephyr.a(log_msg.c.obj)
                0x000062d8                z_impl_z_log_msg_simple_create_1
 .text.z_impl_z_log_msg_simple_create_2
                0x000062ec       0x18 zephyr/libzephyr.a(log_msg.c.obj)
                0x000062ec                z_impl_z_log_msg_simple_create_2
 .text.log_output_write
                0x00006304       0x1c zephyr/libzephyr.a(log_output.c.obj)
 .text.log_output_flush
                0x00006320       0x1a zephyr/libzephyr.a(log_output.c.obj)
 .text.out_func
                0x0000633a       0x36 zephyr/libzephyr.a(log_output.c.obj)
 .text.cr_out_func
                0x00006370       0x1c zephyr/libzephyr.a(log_output.c.obj)
 .text.log_output_msg_process
                0x0000638c       0x6e zephyr/libzephyr.a(log_output.c.obj)
                0x0000638c                log_output_msg_process
 .text.format_set
                0x000063fa        0xc zephyr/libzephyr.a(log_backend_uart.c.obj)
 .text.log_backend_uart_init
                0x00006406        0xc zephyr/libzephyr.a(log_backend_uart.c.obj)
 .text.panic    0x00006412       0x32 zephyr/libzephyr.a(log_backend_uart.c.obj)
 .text.dropped  0x00006444        0xa zephyr/libzephyr.a(log_backend_uart.c.obj)
 .text.process  0x0000644e       0x1e zephyr/libzephyr.a(log_backend_uart.c.obj)
 .text.arch_early_memset
                0x0000646c        0x4 zephyr/arch/common/libarch__common.a(init.c.obj)
                0x0000646c                arch_early_memset
 .text.arch_early_memcpy
                0x00006470        0x4 zephyr/arch/common/libarch__common.a(init.c.obj)
                0x00006470                arch_early_memcpy
 .text.z_do_kernel_oops
                0x00006474        0x8 zephyr/arch/arch/arm/core/libarch__arm__core.a(fatal.c.obj)
                0x00006474                z_do_kernel_oops
 .text.z_arm_nmi
                0x0000647c        0xe zephyr/arch/arch/arm/core/libarch__arm__core.a(nmi.c.obj)
                0x0000647c                z_arm_nmi
 .text.z_log_msg_simple_create_0.constprop.0
                0x0000648a        0x8 zephyr/arch/arch/arm/core/cortex_m/libarch__arm__core__cortex_m.a(fault.c.obj)
 .text.z_irq_spurious
                0x00006492        0x8 zephyr/arch/arch/arm/core/cortex_m/libarch__arm__core__cortex_m.a(irq_manage.c.obj)
                0x00006492                z_irq_spurious
 .text.arch_coprocessors_disable
                0x0000649a        0x6 zephyr/arch/arch/arm/core/cortex_m/libarch__arm__core__cortex_m.a(thread.c.obj)
                0x0000649a                arch_coprocessors_disable
 .text.arch_irq_unlock_outlined
                0x000064a0        0xe zephyr/arch/arch/arm/core/cortex_m/libarch__arm__core__cortex_m.a(thread.c.obj)
                0x000064a0                arch_irq_unlock_outlined
 .text.arch_cpu_idle
                0x000064ae       0x1a zephyr/arch/arch/arm/core/cortex_m/libarch__arm__core__cortex_m.a(cpu_idle.c.obj)
                0x000064ae                arch_cpu_idle
 .text.arch_cache_init
                0x000064c8        0x2 zephyr/arch/arch/arm/core/cortex_m/libarch__arm__core__cortex_m.a(cache.c.obj)
                0x000064c8                arch_cache_init
 .text.size_to_mpu_rasr_size
                0x000064ca       0x20 zephyr/arch/arch/arm/core/mpu/libarch__arm__core__mpu.a(arm_mpu.c.obj)
 .text.cbputc   0x000064ea        0xc zephyr/lib/libc/picolibc/liblib__libc__picolibc.a(cbprintf.c.obj)
 .text.picolibc_put
                0x000064f6        0xa zephyr/lib/libc/picolibc/liblib__libc__picolibc.a(stdio.c.obj)
 .text.soc_init
                0x00006500       0x18 zephyr/soc/soc/mimx9596/imx9/imx95/m7/libsoc__nxp__imx__imx9__imx95__m7.a(soc.c.obj)
 .text.soc_early_init_hook
                0x00006518        0xe zephyr/soc/soc/mimx9596/imx9/imx95/m7/libsoc__nxp__imx__imx9__imx95__m7.a(soc.c.obj)
                0x00006518                soc_early_init_hook
 .text.board_init
                0x00006526        0x4 zephyr/boards/nxp/imx95_evk/libboards__nxp__imx95_evk.a(board.c.obj)
 .text.crc32_ieee
                0x0000652a        0xe zephyr/subsys/crc/libsubsys__crc.a(crc32_sw.c.obj)
                0x0000652a                crc32_ieee
 .text.scmi_protocol_get_version
                0x00006538       0x44 zephyr/drivers/firmware/scmi/libdrivers__firmware__scmi.a(common.c.obj)
                0x00006538                scmi_protocol_get_version
 .text.scmi_protocol_version_negotiate
                0x0000657c       0x48 zephyr/drivers/firmware/scmi/libdrivers__firmware__scmi.a(common.c.obj)
                0x0000657c                scmi_protocol_version_negotiate
 .text.scmi_mbox_cb
                0x000065c4        0xa zephyr/drivers/firmware/scmi/libdrivers__firmware__scmi.a(mailbox.c.obj)
 .text.scmi_mbox_channel_is_free
                0x000065ce       0x10 zephyr/drivers/firmware/scmi/libdrivers__firmware__scmi.a(mailbox.c.obj)
 .text.scmi_mbox_read_message
                0x000065de        0xa zephyr/drivers/firmware/scmi/libdrivers__firmware__scmi.a(mailbox.c.obj)
 .text.scmi_shmem_init
                0x000065e8       0x16 zephyr/drivers/firmware/scmi/libdrivers__firmware__scmi.a(shmem.c.obj)
 .text.scmi_shmem_write_message
                0x000065fe       0x70 zephyr/drivers/firmware/scmi/libdrivers__firmware__scmi.a(shmem.c.obj)
                0x000065fe                scmi_shmem_write_message
 .text.scmi_shmem_channel_status
                0x0000666e        0x8 zephyr/drivers/firmware/scmi/libdrivers__firmware__scmi.a(shmem.c.obj)
                0x0000666e                scmi_shmem_channel_status
 .text.scmi_clock_rate_get
                0x00006676       0x50 zephyr/drivers/firmware/scmi/libdrivers__firmware__scmi.a(clk.c.obj)
                0x00006676                scmi_clock_rate_get
 .text.scmi_clock_rate_set
                0x000066c6       0x4e zephyr/drivers/firmware/scmi/libdrivers__firmware__scmi.a(clk.c.obj)
                0x000066c6                scmi_clock_rate_set
 .text.scmi_clock_config_set
                0x00006714       0x5a zephyr/drivers/firmware/scmi/libdrivers__firmware__scmi.a(clk.c.obj)
                0x00006714                scmi_clock_config_set
 .text.scmi_clock_protocol_attributes
                0x0000676e       0x4a zephyr/drivers/firmware/scmi/libdrivers__firmware__scmi.a(clk.c.obj)
                0x0000676e                scmi_clock_protocol_attributes
 .text.irqsteer_init_0
                0x000067b8       0x8c zephyr/drivers/interrupt_controller/libdrivers__interrupt_controller.a(intc_nxp_irqsteer.c.obj)
 .text.z_soc_irq_enable
                0x00006844        0x6 zephyr/drivers/interrupt_controller/libdrivers__interrupt_controller.a(intc_nxp_irqsteer.c.obj)
                0x00006844                z_soc_irq_enable
 .text.z_soc_irq_priority_set
                0x0000684a        0xc zephyr/drivers/interrupt_controller/libdrivers__interrupt_controller.a(intc_nxp_irqsteer.c.obj)
                0x0000684a                z_soc_irq_priority_set
 .text.scmi_clock_set_rate
                0x00006856       0x34 zephyr/drivers/clock_control/libdrivers__clock_control.a(clock_control_arm_scmi.c.obj)
 .text.scmi_clock_get_rate
                0x0000688a       0x14 zephyr/drivers/clock_control/libdrivers__clock_control.a(clock_control_arm_scmi.c.obj)
 .text.scmi_clock_on_off.isra.0
                0x0000689e       0x24 zephyr/drivers/clock_control/libdrivers__clock_control.a(clock_control_arm_scmi.c.obj)
 .text.scmi_clock_on
                0x000068c2        0x8 zephyr/drivers/clock_control/libdrivers__clock_control.a(clock_control_arm_scmi.c.obj)
 .text.scmi_clock_off
                0x000068ca        0x8 zephyr/drivers/clock_control/libdrivers__clock_control.a(clock_control_arm_scmi.c.obj)
 .text.nxp_imx_mu_register_callback
                0x000068d2       0x1c zephyr/drivers/mbox/libdrivers__mbox.a(mbox_nxp_imx_mu.c.obj)
 .text.nxp_imx_mu_mtu_get
                0x000068ee        0x4 zephyr/drivers/mbox/libdrivers__mbox.a(mbox_nxp_imx_mu.c.obj)
 .text.nxp_imx_mu_max_channels_get
                0x000068f2        0x4 zephyr/drivers/mbox/libdrivers__mbox.a(mbox_nxp_imx_mu.c.obj)
 .text.pinctrl_lookup_state
                0x000068f6       0x24 zephyr/drivers/pinctrl/libdrivers__pinctrl.a(common.c.obj)
                0x000068f6                pinctrl_lookup_state
 .text.mcux_lpuart_irq_update
                0x0000691a        0x4 zephyr/drivers/serial/libdrivers__serial.a(uart_mcux_lpuart.c.obj)
 .text.mcux_lpuart_irq_callback_set
                0x0000691e        0x8 zephyr/drivers/serial/libdrivers__serial.a(uart_mcux_lpuart.c.obj)
 .text.mcux_lpuart_config_get
                0x00006926       0x10 zephyr/drivers/serial/libdrivers__serial.a(uart_mcux_lpuart.c.obj)
 .text.mcux_lpuart_irq_err_disable
                0x00006936        0xc zephyr/drivers/serial/libdrivers__serial.a(uart_mcux_lpuart.c.obj)
 .text.mcux_lpuart_irq_rx_disable
                0x00006942        0xc zephyr/drivers/serial/libdrivers__serial.a(uart_mcux_lpuart.c.obj)
 .text.mcux_lpuart_irq_tx_disable
                0x0000694e        0xc zephyr/drivers/serial/libdrivers__serial.a(uart_mcux_lpuart.c.obj)
 .text.mcux_lpuart_irq_err_enable
                0x0000695a        0xc zephyr/drivers/serial/libdrivers__serial.a(uart_mcux_lpuart.c.obj)
 .text.mcux_lpuart_irq_rx_enable
                0x00006966        0xc zephyr/drivers/serial/libdrivers__serial.a(uart_mcux_lpuart.c.obj)
 .text.mcux_lpuart_irq_tx_enable
                0x00006972        0xc zephyr/drivers/serial/libdrivers__serial.a(uart_mcux_lpuart.c.obj)
 .text.mcux_lpuart_irq_rx_full
                0x0000697e       0x10 zephyr/drivers/serial/libdrivers__serial.a(uart_mcux_lpuart.c.obj)
 .text.mcux_lpuart_irq_tx_complete
                0x0000698e       0x10 zephyr/drivers/serial/libdrivers__serial.a(uart_mcux_lpuart.c.obj)
 .text.mcux_lpuart_irq_tx_ready
                0x0000699e       0x1e zephyr/drivers/serial/libdrivers__serial.a(uart_mcux_lpuart.c.obj)
 .text.mcux_lpuart_irq_is_pending
                0x000069bc       0x26 zephyr/drivers/serial/libdrivers__serial.a(uart_mcux_lpuart.c.obj)
 .text.mcux_lpuart_fifo_read
                0x000069e2       0x48 zephyr/drivers/serial/libdrivers__serial.a(uart_mcux_lpuart.c.obj)
 .text.mcux_lpuart_fifo_fill
                0x00006a2a       0x28 zephyr/drivers/serial/libdrivers__serial.a(uart_mcux_lpuart.c.obj)
 .text.mcux_lpuart_poll_out
                0x00006a52       0x2c zephyr/drivers/serial/libdrivers__serial.a(uart_mcux_lpuart.c.obj)
 .text.mcux_lpuart_err_check
                0x00006a7e       0x34 zephyr/drivers/serial/libdrivers__serial.a(uart_mcux_lpuart.c.obj)
 .text.mcux_lpuart_isr
                0x00006ab2       0x2e zephyr/drivers/serial/libdrivers__serial.a(uart_mcux_lpuart.c.obj)
 .text.mcux_lpuart_config_func_0
                0x00006ae0       0x16 zephyr/drivers/serial/libdrivers__serial.a(uart_mcux_lpuart.c.obj)
 .text.mcux_lpuart_config_func_1
                0x00006af6       0x16 zephyr/drivers/serial/libdrivers__serial.a(uart_mcux_lpuart.c.obj)
 .text.pinctrl_apply_state
                0x00006b0c       0x1e zephyr/drivers/serial/libdrivers__serial.a(uart_mcux_lpuart.c.obj)
 .text.mcux_lpuart_config_pinctrl.isra.0
                0x00006b2a       0x20 zephyr/drivers/serial/libdrivers__serial.a(uart_mcux_lpuart.c.obj)
 .text.mcux_lpuart_init
                0x00006b4a       0x38 zephyr/drivers/serial/libdrivers__serial.a(uart_mcux_lpuart.c.obj)
 .text.mcux_lpuart_configure
                0x00006b82       0x30 zephyr/drivers/serial/libdrivers__serial.a(uart_mcux_lpuart.c.obj)
 .text.mcux_lpuart_poll_in
                0x00006bb2       0x40 zephyr/drivers/serial/libdrivers__serial.a(uart_mcux_lpuart.c.obj)
 .text.LPTMR_Init
                0x00006bf2       0x3e modules/hal_nxp/libmodules__hal_nxp.a(fsl_lptmr.c.obj)
                0x00006bf2                LPTMR_Init
 .text.LPTMR_GetDefaultConfig
                0x00006c30        0xe modules/hal_nxp/libmodules__hal_nxp.a(fsl_lptmr.c.obj)
                0x00006c30                LPTMR_GetDefaultConfig
 .text.LPUART_Deinit
                0x00006c3e       0x22 modules/hal_nxp/libmodules__hal_nxp.a(fsl_lpuart.c.obj)
                0x00006c3e                LPUART_Deinit
 .text.LPUART_GetDefaultConfig
                0x00006c60       0x16 modules/hal_nxp/libmodules__hal_nxp.a(fsl_lpuart.c.obj)
                0x00006c60                LPUART_GetDefaultConfig
 .text.LPUART_EnableInterrupts
                0x00006c76       0x52 modules/hal_nxp/libmodules__hal_nxp.a(fsl_lpuart.c.obj)
                0x00006c76                LPUART_EnableInterrupts
 .text.LPUART_DisableInterrupts
                0x00006cc8       0x58 modules/hal_nxp/libmodules__hal_nxp.a(fsl_lpuart.c.obj)
                0x00006cc8                LPUART_DisableInterrupts
 .text.MU_Init  0x00006d20        0x2 modules/hal_nxp/libmodules__hal_nxp.a(fsl_mu.c.obj)
                0x00006d20                MU_Init
 .text.MU_SendMsg
                0x00006d22       0x18 modules/hal_nxp/libmodules__hal_nxp.a(fsl_mu.c.obj)
                0x00006d22                MU_SendMsg
 .text.MU_GetStatusFlags
                0x00006d3a       0x24 modules/hal_nxp/libmodules__hal_nxp.a(fsl_mu.c.obj)
                0x00006d3a                MU_GetStatusFlags
 .text.MU_TriggerInterrupts
                0x00006d5e       0x1a modules/hal_nxp/libmodules__hal_nxp.a(fsl_mu.c.obj)
                0x00006d5e                MU_TriggerInterrupts
 .text.metal_io_init
                0x00006d78       0x54 modules/libmetal/libmetal/lib/libmetal.a(io.c.obj)
                0x00006d78                metal_io_init
 .text.metal_io_block_read
                0x00006dcc       0x72 modules/libmetal/libmetal/lib/libmetal.a(io.c.obj)
                0x00006dcc                metal_io_block_read
 .text.metal_io_block_write
                0x00006e3e       0x72 modules/libmetal/libmetal/lib/libmetal.a(io.c.obj)
                0x00006e3e                metal_io_block_write
 .text.__metal_cache_flush
                0x00006eb0        0x4 modules/open-amp/open-amp/lib/libopen_amp.a(virtqueue.c.obj)
 .text.__metal_cache_invalidate
                0x00006eb4        0x4 modules/open-amp/open-amp/lib/libopen_amp.a(virtqueue.c.obj)
 .text.metal_io_phys
                0x00006eb8       0x38 modules/open-amp/open-amp/lib/libopen_amp.a(virtqueue.c.obj)
 .text.metal_io_phys_to_virt
                0x00006ef0       0x4e modules/open-amp/open-amp/lib/libopen_amp.a(virtqueue.c.obj)
 .text.virtqueue_create
                0x00006f3e       0x3a modules/open-amp/open-amp/lib/libopen_amp.a(virtqueue.c.obj)
                0x00006f3e                virtqueue_create
 .text.virtqueue_get_buffer_length
                0x00006f78       0x1c modules/open-amp/open-amp/lib/libopen_amp.a(virtqueue.c.obj)
                0x00006f78                virtqueue_get_buffer_length
 .text.virtqueue_get_buffer_addr
                0x00006f94       0x22 modules/open-amp/open-amp/lib/libopen_amp.a(virtqueue.c.obj)
                0x00006f94                virtqueue_get_buffer_addr
 .text.virtqueue_get_first_avail_buffer
                0x00006fb6       0x5e modules/open-amp/open-amp/lib/libopen_amp.a(virtqueue.c.obj)
                0x00006fb6                virtqueue_get_first_avail_buffer
 .text.virtqueue_disable_cb
                0x00007014       0x4c modules/open-amp/open-amp/lib/libopen_amp.a(virtqueue.c.obj)
                0x00007014                virtqueue_disable_cb
 .text.virtqueue_kick
                0x00007060       0x66 modules/open-amp/open-amp/lib/libopen_amp.a(virtqueue.c.obj)
                0x00007060                virtqueue_kick
 .text.virtqueue_get_desc_size
                0x000070c6       0x4e modules/open-amp/open-amp/lib/libopen_amp.a(virtqueue.c.obj)
                0x000070c6                virtqueue_get_desc_size
 .text.virtqueue_notification
                0x00007114        0xc modules/open-amp/open-amp/lib/libopen_amp.a(virtqueue.c.obj)
                0x00007114                virtqueue_notification
 .text.__metal_mutex_acquire
                0x00007120        0xc modules/open-amp/open-amp/lib/libopen_amp.a(rpmsg.c.obj)
 .text.rpmsg_ept_incref
                0x0000712c        0xa modules/open-amp/open-amp/lib/libopen_amp.a(rpmsg.c.obj)
                0x0000712c                rpmsg_ept_incref
 .text.rpmsg_ept_decref
                0x00007136       0x14 modules/open-amp/open-amp/lib/libopen_amp.a(rpmsg.c.obj)
                0x00007136                rpmsg_ept_decref
 .text.rpmsg_unregister_endpoint
                0x0000714a       0x54 modules/open-amp/open-amp/lib/libopen_amp.a(rpmsg.c.obj)
 .text.rpmsg_send_ns_message
                0x0000719e       0x34 modules/open-amp/open-amp/lib/libopen_amp.a(rpmsg.c.obj)
                0x0000719e                rpmsg_send_ns_message
 .text.rpmsg_get_endpoint
                0x000071d2       0x54 modules/open-amp/open-amp/lib/libopen_amp.a(rpmsg.c.obj)
                0x000071d2                rpmsg_get_endpoint
 .text.rpmsg_register_endpoint
                0x00007226       0x42 modules/open-amp/open-amp/lib/libopen_amp.a(rpmsg.c.obj)
                0x00007226                rpmsg_register_endpoint
 .text.rpmsg_virtio_tx_callback
                0x00007268        0x2 modules/open-amp/open-amp/lib/libopen_amp.a(rpmsg_virtio.c.obj)
 .text.k_sem_give
                0x0000726a        0x4 modules/open-amp/open-amp/lib/libopen_amp.a(rpmsg_virtio.c.obj)
 .text.__metal_mutex_acquire
                0x0000726e        0xc modules/open-amp/open-amp/lib/libopen_amp.a(rpmsg_virtio.c.obj)
 .text.rpmsg_virtio_release_tx_buffer
                0x0000727a       0x48 modules/open-amp/open-amp/lib/libopen_amp.a(rpmsg_virtio.c.obj)
 .text.rpmsg_virtio_hold_rx_buffer
                0x000072c2       0x24 modules/open-amp/open-amp/lib/libopen_amp.a(rpmsg_virtio.c.obj)
 .text.rpmsg_virtio_ns_callback
                0x000072e6       0xc2 modules/open-amp/open-amp/lib/libopen_amp.a(rpmsg_virtio.c.obj)
 .text.rpmsg_virtio_send_offchannel_nocopy
                0x000073a8       0x8a modules/open-amp/open-amp/lib/libopen_amp.a(rpmsg_virtio.c.obj)
 .text.rpmsg_virtio_get_tx_payload_buffer
                0x00007432       0xea modules/open-amp/open-amp/lib/libopen_amp.a(rpmsg_virtio.c.obj)
 .text.rpmsg_virtio_release_rx_buffer_nolock.isra.0
                0x0000751c       0x3a modules/open-amp/open-amp/lib/libopen_amp.a(rpmsg_virtio.c.obj)
 .text.rpmsg_virtio_release_rx_buffer
                0x00007556       0x34 modules/open-amp/open-amp/lib/libopen_amp.a(rpmsg_virtio.c.obj)
 .text.rpmsg_virtio_rx_callback
                0x0000758a       0xb4 modules/open-amp/open-amp/lib/libopen_amp.a(rpmsg_virtio.c.obj)
 .text.rpmsg_init_vdev
                0x0000763e       0x12 modules/open-amp/open-amp/lib/libopen_amp.a(rpmsg_virtio.c.obj)
                0x0000763e                rpmsg_init_vdev
 .text.rproc_virtio_virtqueue_notify
                0x00007650       0x1e modules/open-amp/open-amp/lib/libopen_amp.a(remoteproc_virtio.c.obj)
 .text.rproc_virtio_read_config
                0x0000766e       0x4e modules/open-amp/open-amp/lib/libopen_amp.a(remoteproc_virtio.c.obj)
 .text.rproc_virtio_delete_virtqueues
                0x000076bc       0x28 modules/open-amp/open-amp/lib/libopen_amp.a(remoteproc_virtio.c.obj)
 .text.metal_io_read.constprop.0
                0x000076e4       0x4a modules/open-amp/open-amp/lib/libopen_amp.a(remoteproc_virtio.c.obj)
 .text.rproc_virtio_get_status
                0x0000772e       0x2c modules/open-amp/open-amp/lib/libopen_amp.a(remoteproc_virtio.c.obj)
 .text.rproc_virtio_get_features
                0x0000775a       0x58 modules/open-amp/open-amp/lib/libopen_amp.a(remoteproc_virtio.c.obj)
 .text.rproc_virtio_init_vring
                0x000077b2       0x30 modules/open-amp/open-amp/lib/libopen_amp.a(remoteproc_virtio.c.obj)
                0x000077b2                rproc_virtio_init_vring
 .text.rproc_virtio_notified
                0x000077e2       0x44 modules/open-amp/open-amp/lib/libopen_amp.a(remoteproc_virtio.c.obj)
                0x000077e2                rproc_virtio_notified
 .text.rproc_virtio_wait_remote_ready
                0x00007826       0x1a modules/open-amp/open-amp/lib/libopen_amp.a(remoteproc_virtio.c.obj)
                0x00007826                rproc_virtio_wait_remote_ready
 .text.safe_strcpy
                0x00007840       0x3e modules/open-amp/open-amp/lib/libopen_amp.a(utilities.c.obj)
                0x00007840                safe_strcpy
 .text.mbox_send_dt
                0x0000787e       0x14 modules/zephyr-rproc-ipc/drivers/remoteproc/lib..__zephyr-rproc-ipc__drivers__remoteproc.a(rpmsg_virtio_device.c.obj)
 .text.mbox_callback
                0x00007892        0x6 modules/zephyr-rproc-ipc/drivers/remoteproc/lib..__zephyr-rproc-ipc__drivers__remoteproc.a(rpmsg_virtio_device.c.obj)
 .text.carveout_region_init
                0x00007898       0x42 modules/zephyr-rproc-ipc/drivers/remoteproc/lib..__zephyr-rproc-ipc__drivers__remoteproc.a(rpmsg_virtio_device.c.obj)
 .text.rvdev_notify
                0x000078da       0x30 modules/zephyr-rproc-ipc/drivers/remoteproc/lib..__zephyr-rproc-ipc__drivers__remoteproc.a(rpmsg_virtio_device.c.obj)
 .text.rvdev_rx_thread
                0x0000790a       0x1e modules/zephyr-rproc-ipc/drivers/remoteproc/lib..__zephyr-rproc-ipc__drivers__remoteproc.a(rpmsg_virtio_device.c.obj)
 .text.z_rproc_get_rpmsg_device
                0x00007928        0x6 modules/zephyr-rproc-ipc/drivers/remoteproc/lib..__zephyr-rproc-ipc__drivers__remoteproc.a(rpmsg_virtio_device.c.obj)
                0x00007928                z_rproc_get_rpmsg_device
 .text.z_rproc_rsc_table
                0x0000792e        0xc modules/zephyr-rproc-ipc/drivers/remoteproc/lib..__zephyr-rproc-ipc__drivers__remoteproc.a(resource_table.c.obj)
                0x0000792e                z_rproc_rsc_table
 .text.z_rproc_get_carveout_by_name
                0x0000793a       0x30 modules/zephyr-rproc-ipc/drivers/remoteproc/lib..__zephyr-rproc-ipc__drivers__remoteproc.a(resource_table.c.obj)
                0x0000793a                z_rproc_get_carveout_by_name
 .text.z_rproc_get_vdev
                0x0000796a       0x10 modules/zephyr-rproc-ipc/drivers/remoteproc/lib..__zephyr-rproc-ipc__drivers__remoteproc.a(resource_table.c.obj)
                0x0000796a                z_rproc_get_vdev
 .text.do_device_init
                0x0000797a       0x30 zephyr/kernel/libkernel.a(device.c.obj)
                0x0000797a                do_device_init
 .text.z_impl_device_is_ready
                0x000079aa       0x16 zephyr/kernel/libkernel.a(device.c.obj)
                0x000079aa                z_impl_device_is_ready
 .text.arch_system_halt
                0x000079c0       0x10 zephyr/kernel/libkernel.a(fatal.c.obj)
                0x000079c0                arch_system_halt
 .text.idle     0x000079d0       0x16 zephyr/kernel/libkernel.a(idle.c.obj)
                0x000079d0                idle
 .text.adjust_owner_prio.isra.0
                0x000079e6       0x10 zephyr/kernel/libkernel.a(mutex.c.obj)
 .text.z_impl_k_mutex_init
                0x000079f6        0xe zephyr/kernel/libkernel.a(mutex.c.obj)
                0x000079f6                z_impl_k_mutex_init
 .text.z_impl_k_sem_init
                0x00007a04       0x18 zephyr/kernel/libkernel.a(sem.c.obj)
                0x00007a04                z_impl_k_sem_init
 .text.flag_test_and_clear
                0x00007a1c       0x16 zephyr/kernel/libkernel.a(work.c.obj)
 .text.k_is_in_isr
                0x00007a32        0xc zephyr/kernel/libkernel.a(thread.c.obj)
                0x00007a32                k_is_in_isr
 .text.z_impl_k_thread_name_set
                0x00007a3e        0x6 zephyr/kernel/libkernel.a(thread.c.obj)
                0x00007a3e                z_impl_k_thread_name_set
 .text.k_thread_name_get
                0x00007a44        0x4 zephyr/kernel/libkernel.a(thread.c.obj)
                0x00007a44                k_thread_name_get
 .text.sys_dlist_remove
                0x00007a48       0x10 zephyr/kernel/libkernel.a(sched.c.obj)
 .text.unpend_thread_no_timeout
                0x00007a58       0x14 zephyr/kernel/libkernel.a(sched.c.obj)
 .text.add_to_waitq_locked
                0x00007a6c       0x4c zephyr/kernel/libkernel.a(sched.c.obj)
 .text.z_ready_thread
                0x00007ab8       0x1e zephyr/kernel/libkernel.a(sched.c.obj)
                0x00007ab8                z_ready_thread
 .text.z_unpend_thread_no_timeout
                0x00007ad6       0x22 zephyr/kernel/libkernel.a(sched.c.obj)
                0x00007ad6                z_unpend_thread_no_timeout
 .text.z_sched_wake_thread_locked
                0x00007af8       0x28 zephyr/kernel/libkernel.a(sched.c.obj)
                0x00007af8                z_sched_wake_thread_locked
 .text.z_thread_timeout
                0x00007b20       0x20 zephyr/kernel/libkernel.a(sched.c.obj)
                0x00007b20                z_thread_timeout
 .text.z_unpend1_no_timeout
                0x00007b40       0x2c zephyr/kernel/libkernel.a(sched.c.obj)
                0x00007b40                z_unpend1_no_timeout
 .text.z_reschedule
                0x00007b6c        0x6 zephyr/kernel/libkernel.a(sched.c.obj)
                0x00007b6c                z_reschedule
 .text.z_unpend_all_locked
                0x00007b72       0x2e zephyr/kernel/libkernel.a(sched.c.obj)
                0x00007b72                z_unpend_all_locked
 .text.z_unpend_all
                0x00007ba0       0x1e zephyr/kernel/libkernel.a(sched.c.obj)
                0x00007ba0                z_unpend_all
 .text.z_impl_k_sleep
                0x00007bbe       0x32 zephyr/kernel/libkernel.a(sched.c.obj)
                0x00007bbe                z_impl_k_sleep
 .text.z_impl_k_wakeup
                0x00007bf0       0x40 zephyr/kernel/libkernel.a(sched.c.obj)
                0x00007bf0                z_impl_k_wakeup
 .text.z_sched_wake
                0x00007c30       0x44 zephyr/kernel/libkernel.a(sched.c.obj)
                0x00007c30                z_sched_wake
 .text.next_timeout
                0x00007c74       0x2e zephyr/kernel/libkernel.a(timeout.c.obj)
 .text.z_abort_timeout
                0x00007ca2       0x6a zephyr/kernel/libkernel.a(timeout.c.obj)
                0x00007ca2                z_abort_timeout
 .text.sys_clock_tick_get_32
                0x00007d0c        0x8 zephyr/kernel/libkernel.a(timeout.c.obj)
                0x00007d0c                sys_clock_tick_get_32
 .text.z_impl_k_uptime_ticks
                0x00007d14        0x4 zephyr/kernel/libkernel.a(timeout.c.obj)
                0x00007d14                z_impl_k_uptime_ticks
 .text.k_timer_init
                0x00007d18       0x18 zephyr/kernel/libkernel.a(timer.c.obj)
                0x00007d18                k_timer_init
 .text.z_alloc_helper
                0x00007d30       0x30 zephyr/kernel/libkernel.a(mempool.c.obj)
 .text.k_free   0x00007d60        0xe zephyr/kernel/libkernel.a(mempool.c.obj)
                0x00007d60                k_free
 .text.k_heap_init
                0x00007d6e       0x10 zephyr/kernel/libkernel.a(kheap.c.obj)
                0x00007d6e                k_heap_init
 .text.k_heap_free
                0x00007d7e       0x38 zephyr/kernel/libkernel.a(kheap.c.obj)
                0x00007d7e                k_heap_free
 .text.memcpy   0x00007db6       0x1c /home/jonathan.beri@canonical.com/zephyr-sdk-1.0.1/gnu/arm-zephyr-eabi/bin/../lib/gcc/arm-zephyr-eabi/14.3.0/../../../../arm-zephyr-eabi/lib/thumb/v7e-m/nofp/space/libc.a(memcpy.c.o)
                0x00007db6                memcpy
                0x00007db6                __aeabi_memcpy
                0x00007db6                __aeabi_memcpy4
                0x00007db6                __aeabi_memcpy8
 .text.memset   0x00007dd2       0x10 /home/jonathan.beri@canonical.com/zephyr-sdk-1.0.1/gnu/arm-zephyr-eabi/bin/../lib/gcc/arm-zephyr-eabi/14.3.0/../../../../arm-zephyr-eabi/lib/thumb/v7e-m/nofp/space/libc.a(memset.c.o)
                0x00007dd2                memset
 .text.strncmp  0x00007de2       0x24 /home/jonathan.beri@canonical.com/zephyr-sdk-1.0.1/gnu/arm-zephyr-eabi/bin/../lib/gcc/arm-zephyr-eabi/14.3.0/../../../../arm-zephyr-eabi/lib/thumb/v7e-m/nofp/space/libc.a(libc_string_strncmp.c.o)
                0x00007de2                strncmp
 .text.strnlen  0x00007e06       0x18 /home/jonathan.beri@canonical.com/zephyr-sdk-1.0.1/gnu/arm-zephyr-eabi/bin/../lib/gcc/arm-zephyr-eabi/14.3.0/../../../../arm-zephyr-eabi/lib/thumb/v7e-m/nofp/space/libc.a(libc_string_strnlen.c.o)
                0x00007e06                strnlen
 .text.__ultoa_invert
                0x00007e1e       0xae /home/jonathan.beri@canonical.com/zephyr-sdk-1.0.1/gnu/arm-zephyr-eabi/bin/../lib/gcc/arm-zephyr-eabi/14.3.0/../../../../arm-zephyr-eabi/lib/thumb/v7e-m/nofp/space/libc.a(libc_tinystdio_vflprintf.c.o)
 .text.__file_str_put
                0x00007ecc       0x10 /home/jonathan.beri@canonical.com/zephyr-sdk-1.0.1/gnu/arm-zephyr-eabi/bin/../lib/gcc/arm-zephyr-eabi/14.3.0/../../../../arm-zephyr-eabi/lib/thumb/v7e-m/nofp/space/libc.a(libc_tinystdio_filestrput.c.o)
                0x00007ecc                __file_str_put
 *(SORT_BY_ALIGNMENT(.gnu.linkonce.t.*))
 *(SORT_BY_ALIGNMENT(.glue_7t))
 .glue_7t       0x00007edc        0x0 linker stubs
 *(SORT_BY_ALIGNMENT(.glue_7))
 .glue_7        0x00007edc        0x0 linker stubs
 *(SORT_BY_ALIGNMENT(.vfp11_veneer))
 .vfp11_veneer  0x00007edc        0x0 linker stubs
 *(SORT_BY_ALIGNMENT(.v4_bx))
 .v4_bx         0x00007edc        0x0 linker stubs
                0x00007edc                        . = ALIGN (0x4)
                0x00007edc                        __text_region_end = .

.ARM.exidx      0x00007edc        0x8
                0x00007edc                        __exidx_start = .
 *(SORT_BY_ALIGNMENT(.ARM.exidx*) SORT_BY_ALIGNMENT(gnu.linkonce.armexidx.*))
 .ARM.exidx     0x00007edc        0x8 /home/jonathan.beri@canonical.com/zephyr-sdk-1.0.1/gnu/arm-zephyr-eabi/bin/../lib/gcc/arm-zephyr-eabi/14.3.0/thumb/v7e-m/nofp/space/libgcc.a(_udivmoddi4.o)
                0x00007ee4                        __exidx_end = .
                0x00007ee4                        __rodata_region_start = .

initlevel       0x00007ee4       0x88
                0x00007ee4                        __init_start = .
                0x00007ee4                        __init_EARLY_start = .
 *(SORT_BY_NAME(SORT_BY_ALIGNMENT(.z_init_EARLY_P_?_*)))
 *(SORT_BY_NAME(SORT_BY_ALIGNMENT(.z_init_EARLY_P_??_*)))
 *(SORT_BY_NAME(SORT_BY_ALIGNMENT(.z_init_EARLY_P_???_*)))
                0x00007ee4                        __init_PRE_KERNEL_1_start = .
 *(SORT_BY_NAME(SORT_BY_ALIGNMENT(.z_init_PRE_KERNEL_1_P_?_*)))
 .z_init_PRE_KERNEL_1_P_0_SUB_00015_
                0x00007ee4        0x8 zephyr/drivers/mbox/libdrivers__mbox.a(mbox_nxp_imx_mu.c.obj)
 .z_init_PRE_KERNEL_1_P_0_SUB_00107_
                0x00007eec        0x8 zephyr/drivers/mbox/libdrivers__mbox.a(mbox_nxp_imx_mu.c.obj)
 *(SORT_BY_NAME(SORT_BY_ALIGNMENT(.z_init_PRE_KERNEL_1_P_??_*)))
 .z_init_PRE_KERNEL_1_P_15_SUB_00012_
                0x00007ef4        0x8 zephyr/drivers/firmware/scmi/libdrivers__firmware__scmi.a(shmem.c.obj)
 .z_init_PRE_KERNEL_1_P_20_SUB_00016_
                0x00007efc        0x8 zephyr/drivers/firmware/scmi/libdrivers__firmware__scmi.a(mailbox.c.obj)
 .z_init_PRE_KERNEL_1_P_30_SUB_00112_
                0x00007f04        0x8 zephyr/drivers/clock_control/libdrivers__clock_control.a(clock_control_arm_scmi.c.obj)
 .z_init_PRE_KERNEL_1_P_30_SUB_0_
                0x00007f0c        0x8 zephyr/kernel/libkernel.a(kheap.c.obj)
 .z_init_PRE_KERNEL_1_P_40_SUB_00292_
                0x00007f14        0x8 zephyr/drivers/interrupt_controller/libdrivers__interrupt_controller.a(intc_nxp_irqsteer.c.obj)
 .z_init_PRE_KERNEL_1_P_50_SUB_00273_
                0x00007f1c        0x8 zephyr/drivers/serial/libdrivers__serial.a(uart_mcux_lpuart.c.obj)
 .z_init_PRE_KERNEL_1_P_50_SUB_00275_
                0x00007f24        0x8 zephyr/drivers/serial/libdrivers__serial.a(uart_mcux_lpuart.c.obj)
 .z_init_PRE_KERNEL_1_P_60_SUB_0_
                0x00007f2c        0x8 zephyr/drivers/console/libdrivers__console.a(uart_console.c.obj)
 *(SORT_BY_NAME(SORT_BY_ALIGNMENT(.z_init_PRE_KERNEL_1_P_???_*)))
                0x00007f34                        __init_PRE_KERNEL_2_start = .
 *(SORT_BY_NAME(SORT_BY_ALIGNMENT(.z_init_PRE_KERNEL_2_P_?_*)))
 .z_init_PRE_KERNEL_2_P_0_SUB_0_
                0x00007f34        0x8 zephyr/soc/soc/mimx9596/imx9/imx95/m7/libsoc__nxp__imx__imx9__imx95__m7.a(soc.c.obj)
 .z_init_PRE_KERNEL_2_P_0_SUB_0_
                0x00007f3c        0x8 zephyr/drivers/timer/libdrivers__timer.a(mcux_lptmr_timer.c.obj)
 *(SORT_BY_NAME(SORT_BY_ALIGNMENT(.z_init_PRE_KERNEL_2_P_??_*)))
 .z_init_PRE_KERNEL_2_P_10_SUB_0_
                0x00007f44        0x8 zephyr/boards/nxp/imx95_evk/libboards__nxp__imx95_evk.a(board.c.obj)
 *(SORT_BY_NAME(SORT_BY_ALIGNMENT(.z_init_PRE_KERNEL_2_P_???_*)))
                0x00007f4c                        __init_POST_KERNEL_start = .
 *(SORT_BY_NAME(SORT_BY_ALIGNMENT(.z_init_POST_KERNEL_P_?_*)))
 .z_init_POST_KERNEL_P_0_SUB_0_
                0x00007f4c        0x8 zephyr/libzephyr.a(log_core.c.obj)
 *(SORT_BY_NAME(SORT_BY_ALIGNMENT(.z_init_POST_KERNEL_P_??_*)))
 .z_init_POST_KERNEL_P_35_SUB_0_
                0x00007f54        0x8 zephyr/lib/libc/common/liblib__libc__common.a(malloc.c.obj)
 .z_init_POST_KERNEL_P_40_SUB_00110_
                0x00007f5c        0x8 modules/zephyr-rproc-ipc/drivers/remoteproc/lib..__zephyr-rproc-ipc__drivers__remoteproc.a(rpmsg_virtio_device.c.obj)
 .z_init_POST_KERNEL_P_40_SUB_0_
                0x00007f64        0x8 zephyr/kernel/libkernel.a(system_work_q.c.obj)
 *(SORT_BY_NAME(SORT_BY_ALIGNMENT(.z_init_POST_KERNEL_P_???_*)))
                0x00007f6c                        __init_APPLICATION_start = .
 *(SORT_BY_NAME(SORT_BY_ALIGNMENT(.z_init_APPLICATION_P_?_*)))
 *(SORT_BY_NAME(SORT_BY_ALIGNMENT(.z_init_APPLICATION_P_??_*)))
 *(SORT_BY_NAME(SORT_BY_ALIGNMENT(.z_init_APPLICATION_P_???_*)))
                0x00007f6c                        __init_SMP_start = .
 *(SORT_BY_NAME(SORT_BY_ALIGNMENT(.z_init_SMP_P_?_*)))
 *(SORT_BY_NAME(SORT_BY_ALIGNMENT(.z_init_SMP_P_??_*)))
 *(SORT_BY_NAME(SORT_BY_ALIGNMENT(.z_init_SMP_P_???_*)))
                0x00007f6c                        __init_end = .

device_area     0x00007f6c       0xfc
                0x00007f6c                        _device_list_start = .
 *(SORT_BY_NAME(SORT_BY_ALIGNMENT(._device.static.*_?_*)))
 ._device.static.1_0_
                0x00007f6c       0x38 zephyr/drivers/mbox/libdrivers__mbox.a(mbox_nxp_imx_mu.c.obj)
                0x00007f6c                __device_dts_ord_107
                0x00007f88                __device_dts_ord_15
 *(SORT_BY_NAME(SORT_BY_ALIGNMENT(._device.static.*_??_*)))
 ._device.static.1_15_
                0x00007fa4       0x1c zephyr/drivers/firmware/scmi/libdrivers__firmware__scmi.a(shmem.c.obj)
                0x00007fa4                __device_dts_ord_12
 ._device.static.1_20_
                0x00007fc0       0x1c zephyr/drivers/firmware/scmi/libdrivers__firmware__scmi.a(mailbox.c.obj)
                0x00007fc0                __device_dts_ord_16
 ._device.static.1_30_
                0x00007fdc       0x1c zephyr/drivers/clock_control/libdrivers__clock_control.a(clock_control_arm_scmi.c.obj)
                0x00007fdc                __device_dts_ord_112
 ._device.static.1_40_
                0x00007ff8       0x1c zephyr/drivers/interrupt_controller/libdrivers__interrupt_controller.a(intc_nxp_irqsteer.c.obj)
                0x00007ff8                __device_dts_ord_292
 ._device.static.1_50_
                0x00008014       0x38 zephyr/drivers/serial/libdrivers__serial.a(uart_mcux_lpuart.c.obj)
                0x00008014                __device_dts_ord_275
                0x00008030                __device_dts_ord_273
 ._device.static.3_40_
                0x0000804c       0x1c modules/zephyr-rproc-ipc/drivers/remoteproc/lib..__zephyr-rproc-ipc__drivers__remoteproc.a(rpmsg_virtio_device.c.obj)
                0x0000804c                __device_dts_ord_110
 *(SORT_BY_NAME(SORT_BY_ALIGNMENT(._device.static.*_???_*)))
 *(SORT_BY_NAME(SORT_BY_ALIGNMENT(._device.static.*_????_*)))
 *(SORT_BY_NAME(SORT_BY_ALIGNMENT(._device.static.*_?????_*)))
                0x00008068                        _device_list_end = .

sw_isr_table    0x00008068      0x7d0
                0x00008068                        . = ALIGN (0x4)
 *(SORT_BY_ALIGNMENT(.gnu.linkonce.sw_isr_table*))
 .gnu.linkonce.sw_isr_table
                0x00008068      0x7d0 zephyr/arch/common/libisr_tables.a(isr_tables.c.obj)
                0x00008068                _sw_isr_table

initlevel_error
 *(SORT_BY_NAME(SORT_BY_ALIGNMENT(.z_init_*)))
                0x00000001                        ASSERT ((SIZEOF (initlevel_error) == 0x0), Undefined initialization levels used.)

app_shmem_regions
                0x00008838        0x0
                0x00008838                        __app_shmem_regions_start = .
 *(SORT_BY_NAME(SORT_BY_ALIGNMENT(.app_regions.*)))
                0x00008838                        __app_shmem_regions_end = .

k_p4wq_initparam_area
                0x00008838        0x0
                0x00008838                        _k_p4wq_initparam_list_start = .
 *(SORT_BY_NAME(SORT_BY_ALIGNMENT(._k_p4wq_initparam.static.*)))
                0x00008838                        _k_p4wq_initparam_list_end = .

_static_thread_data_area
                0x00008838        0x0
                0x00008838                        __static_thread_data_list_start = .
 *(SORT_BY_NAME(SORT_BY_ALIGNMENT(.__static_thread_data.static.*)))
                0x00008838                        __static_thread_data_list_end = .

device_deps     0x00008838        0x0
                0x00008838                        __device_deps_start = .
 *(SORT_BY_NAME(SORT_BY_ALIGNMENT(.__device_deps_pass2*)))
                0x00008838                        __device_deps_end = .

mbox_driver_api_area
                0x00008838       0x14
                0x00008838                        _mbox_driver_api_list_start = .
 *(SORT_BY_NAME(SORT_BY_ALIGNMENT(._mbox_driver_api.static.*)))
 ._mbox_driver_api.static.nxp_imx_mu_driver_api_
                0x00008838       0x14 zephyr/drivers/mbox/libdrivers__mbox.a(mbox_nxp_imx_mu.c.obj)
                0x0000884c                        _mbox_driver_api_list_end = .

shared_irq_driver_api_area
                0x0000884c        0x0
                0x0000884c                        _shared_irq_driver_api_list_start = .
 *(SORT_BY_NAME(SORT_BY_ALIGNMENT(._shared_irq_driver_api.static.*)))
                0x0000884c                        _shared_irq_driver_api_list_end = .

crypto_driver_api_area
                0x0000884c        0x0
                0x0000884c                        _crypto_driver_api_list_start = .
 *(SORT_BY_NAME(SORT_BY_ALIGNMENT(._crypto_driver_api.static.*)))
                0x0000884c                        _crypto_driver_api_list_end = .

adc_driver_api_area
                0x0000884c        0x0
                0x0000884c                        _adc_driver_api_list_start = .
 *(SORT_BY_NAME(SORT_BY_ALIGNMENT(._adc_driver_api.static.*)))
                0x0000884c                        _adc_driver_api_list_end = .

auxdisplay_driver_api_area
                0x0000884c        0x0
                0x0000884c                        _auxdisplay_driver_api_list_start = .
 *(SORT_BY_NAME(SORT_BY_ALIGNMENT(._auxdisplay_driver_api.static.*)))
                0x0000884c                        _auxdisplay_driver_api_list_end = .

bbram_driver_api_area
                0x0000884c        0x0
                0x0000884c                        _bbram_driver_api_list_start = .
 *(SORT_BY_NAME(SORT_BY_ALIGNMENT(._bbram_driver_api.static.*)))
                0x0000884c                        _bbram_driver_api_list_end = .

biometric_driver_api_area
                0x0000884c        0x0
                0x0000884c                        _biometric_driver_api_list_start = .
 *(SORT_BY_NAME(SORT_BY_ALIGNMENT(._biometric_driver_api.static.*)))
                0x0000884c                        _biometric_driver_api_list_end = .

bt_hci_driver_api_area
                0x0000884c        0x0
                0x0000884c                        _bt_hci_driver_api_list_start = .
 *(SORT_BY_NAME(SORT_BY_ALIGNMENT(._bt_hci_driver_api.static.*)))
                0x0000884c                        _bt_hci_driver_api_list_end = .

can_driver_api_area
                0x0000884c        0x0
                0x0000884c                        _can_driver_api_list_start = .
 *(SORT_BY_NAME(SORT_BY_ALIGNMENT(._can_driver_api.static.*)))
                0x0000884c                        _can_driver_api_list_end = .

cellular_driver_api_area
                0x0000884c        0x0
                0x0000884c                        _cellular_driver_api_list_start = .
 *(SORT_BY_NAME(SORT_BY_ALIGNMENT(._cellular_driver_api.static.*)))
                0x0000884c                        _cellular_driver_api_list_end = .

charger_driver_api_area
                0x0000884c        0x0
                0x0000884c                        _charger_driver_api_list_start = .
 *(SORT_BY_NAME(SORT_BY_ALIGNMENT(._charger_driver_api.static.*)))
                0x0000884c                        _charger_driver_api_list_end = .

clock_control_driver_api_area
                0x0000884c       0x1c
                0x0000884c                        _clock_control_driver_api_list_start = .
 *(SORT_BY_NAME(SORT_BY_ALIGNMENT(._clock_control_driver_api.static.*)))
 ._clock_control_driver_api.static.scmi_clock_api_
                0x0000884c       0x1c zephyr/drivers/clock_control/libdrivers__clock_control.a(clock_control_arm_scmi.c.obj)
                0x00008868                        _clock_control_driver_api_list_end = .

comparator_driver_api_area
                0x00008868        0x0
                0x00008868                        _comparator_driver_api_list_start = .
 *(SORT_BY_NAME(SORT_BY_ALIGNMENT(._comparator_driver_api.static.*)))
                0x00008868                        _comparator_driver_api_list_end = .

coredump_driver_api_area
                0x00008868        0x0
                0x00008868                        _coredump_driver_api_list_start = .
 *(SORT_BY_NAME(SORT_BY_ALIGNMENT(._coredump_driver_api.static.*)))
                0x00008868                        _coredump_driver_api_list_end = .

counter_driver_api_area
                0x00008868        0x0
                0x00008868                        _counter_driver_api_list_start = .
 *(SORT_BY_NAME(SORT_BY_ALIGNMENT(._counter_driver_api.static.*)))
                0x00008868                        _counter_driver_api_list_end = .

crc_driver_api_area
                0x00008868        0x0
                0x00008868                        _crc_driver_api_list_start = .
 *(SORT_BY_NAME(SORT_BY_ALIGNMENT(._crc_driver_api.static.*)))
                0x00008868                        _crc_driver_api_list_end = .

dac_driver_api_area
                0x00008868        0x0
                0x00008868                        _dac_driver_api_list_start = .
 *(SORT_BY_NAME(SORT_BY_ALIGNMENT(._dac_driver_api.static.*)))
                0x00008868                        _dac_driver_api_list_end = .

dai_driver_api_area
                0x00008868        0x0
                0x00008868                        _dai_driver_api_list_start = .
 *(SORT_BY_NAME(SORT_BY_ALIGNMENT(._dai_driver_api.static.*)))
                0x00008868                        _dai_driver_api_list_end = .

display_driver_api_area
                0x00008868        0x0
                0x00008868                        _display_driver_api_list_start = .
 *(SORT_BY_NAME(SORT_BY_ALIGNMENT(._display_driver_api.static.*)))
                0x00008868                        _display_driver_api_list_end = .

dma_driver_api_area
                0x00008868        0x0
                0x00008868                        _dma_driver_api_list_start = .
 *(SORT_BY_NAME(SORT_BY_ALIGNMENT(._dma_driver_api.static.*)))
                0x00008868                        _dma_driver_api_list_end = .

edac_driver_api_area
                0x00008868        0x0
                0x00008868                        _edac_driver_api_list_start = .
 *(SORT_BY_NAME(SORT_BY_ALIGNMENT(._edac_driver_api.static.*)))
                0x00008868                        _edac_driver_api_list_end = .

eeprom_driver_api_area
                0x00008868        0x0
                0x00008868                        _eeprom_driver_api_list_start = .
 *(SORT_BY_NAME(SORT_BY_ALIGNMENT(._eeprom_driver_api.static.*)))
                0x00008868                        _eeprom_driver_api_list_end = .

emul_bbram_driver_api_area
                0x00008868        0x0
                0x00008868                        _emul_bbram_driver_api_list_start = .
 *(SORT_BY_NAME(SORT_BY_ALIGNMENT(._emul_bbram_driver_api.static.*)))
                0x00008868                        _emul_bbram_driver_api_list_end = .

fuel_gauge_emul_driver_api_area
                0x00008868        0x0
                0x00008868                        _fuel_gauge_emul_driver_api_list_start = .
 *(SORT_BY_NAME(SORT_BY_ALIGNMENT(._fuel_gauge_emul_driver_api.static.*)))
                0x00008868                        _fuel_gauge_emul_driver_api_list_end = .

emul_sensor_driver_api_area
                0x00008868        0x0
                0x00008868                        _emul_sensor_driver_api_list_start = .
 *(SORT_BY_NAME(SORT_BY_ALIGNMENT(._emul_sensor_driver_api.static.*)))
                0x00008868                        _emul_sensor_driver_api_list_end = .

entropy_driver_api_area
                0x00008868        0x0
                0x00008868                        _entropy_driver_api_list_start = .
 *(SORT_BY_NAME(SORT_BY_ALIGNMENT(._entropy_driver_api.static.*)))
                0x00008868                        _entropy_driver_api_list_end = .

espi_driver_api_area
                0x00008868        0x0
                0x00008868                        _espi_driver_api_list_start = .
 *(SORT_BY_NAME(SORT_BY_ALIGNMENT(._espi_driver_api.static.*)))
                0x00008868                        _espi_driver_api_list_end = .

espi_saf_driver_api_area
                0x00008868        0x0
                0x00008868                        _espi_saf_driver_api_list_start = .
 *(SORT_BY_NAME(SORT_BY_ALIGNMENT(._espi_saf_driver_api.static.*)))
                0x00008868                        _espi_saf_driver_api_list_end = .

flash_driver_api_area
                0x00008868        0x0
                0x00008868                        _flash_driver_api_list_start = .
 *(SORT_BY_NAME(SORT_BY_ALIGNMENT(._flash_driver_api.static.*)))
                0x00008868                        _flash_driver_api_list_end = .

fpga_driver_api_area
                0x00008868        0x0
                0x00008868                        _fpga_driver_api_list_start = .
 *(SORT_BY_NAME(SORT_BY_ALIGNMENT(._fpga_driver_api.static.*)))
                0x00008868                        _fpga_driver_api_list_end = .

fuel_gauge_driver_api_area
                0x00008868        0x0
                0x00008868                        _fuel_gauge_driver_api_list_start = .
 *(SORT_BY_NAME(SORT_BY_ALIGNMENT(._fuel_gauge_driver_api.static.*)))
                0x00008868                        _fuel_gauge_driver_api_list_end = .

gnss_driver_api_area
                0x00008868        0x0
                0x00008868                        _gnss_driver_api_list_start = .
 *(SORT_BY_NAME(SORT_BY_ALIGNMENT(._gnss_driver_api.static.*)))
                0x00008868                        _gnss_driver_api_list_end = .

gpio_driver_api_area
                0x00008868        0x0
                0x00008868                        _gpio_driver_api_list_start = .
 *(SORT_BY_NAME(SORT_BY_ALIGNMENT(._gpio_driver_api.static.*)))
                0x00008868                        _gpio_driver_api_list_end = .

haptics_driver_api_area
                0x00008868        0x0
                0x00008868                        _haptics_driver_api_list_start = .
 *(SORT_BY_NAME(SORT_BY_ALIGNMENT(._haptics_driver_api.static.*)))
                0x00008868                        _haptics_driver_api_list_end = .

hwspinlock_driver_api_area
                0x00008868        0x0
                0x00008868                        _hwspinlock_driver_api_list_start = .
 *(SORT_BY_NAME(SORT_BY_ALIGNMENT(._hwspinlock_driver_api.static.*)))
                0x00008868                        _hwspinlock_driver_api_list_end = .

i2c_driver_api_area
                0x00008868        0x0
                0x00008868                        _i2c_driver_api_list_start = .
 *(SORT_BY_NAME(SORT_BY_ALIGNMENT(._i2c_driver_api.static.*)))
                0x00008868                        _i2c_driver_api_list_end = .

i2c_target_driver_api_area
                0x00008868        0x0
                0x00008868                        _i2c_target_driver_api_list_start = .
 *(SORT_BY_NAME(SORT_BY_ALIGNMENT(._i2c_target_driver_api.static.*)))
                0x00008868                        _i2c_target_driver_api_list_end = .

i2s_driver_api_area
                0x00008868        0x0
                0x00008868                        _i2s_driver_api_list_start = .
 *(SORT_BY_NAME(SORT_BY_ALIGNMENT(._i2s_driver_api.static.*)))
                0x00008868                        _i2s_driver_api_list_end = .

i3c_driver_api_area
                0x00008868        0x0
                0x00008868                        _i3c_driver_api_list_start = .
 *(SORT_BY_NAME(SORT_BY_ALIGNMENT(._i3c_driver_api.static.*)))
                0x00008868                        _i3c_driver_api_list_end = .

ipm_driver_api_area
                0x00008868        0x0
                0x00008868                        _ipm_driver_api_list_start = .
 *(SORT_BY_NAME(SORT_BY_ALIGNMENT(._ipm_driver_api.static.*)))
                0x00008868                        _ipm_driver_api_list_end = .

led_driver_api_area
                0x00008868        0x0
                0x00008868                        _led_driver_api_list_start = .
 *(SORT_BY_NAME(SORT_BY_ALIGNMENT(._led_driver_api.static.*)))
                0x00008868                        _led_driver_api_list_end = .

led_strip_driver_api_area
                0x00008868        0x0
                0x00008868                        _led_strip_driver_api_list_start = .
 *(SORT_BY_NAME(SORT_BY_ALIGNMENT(._led_strip_driver_api.static.*)))
                0x00008868                        _led_strip_driver_api_list_end = .

lora_driver_api_area
                0x00008868        0x0
                0x00008868                        _lora_driver_api_list_start = .
 *(SORT_BY_NAME(SORT_BY_ALIGNMENT(._lora_driver_api.static.*)))
                0x00008868                        _lora_driver_api_list_end = .

mdio_driver_api_area
                0x00008868        0x0
                0x00008868                        _mdio_driver_api_list_start = .
 *(SORT_BY_NAME(SORT_BY_ALIGNMENT(._mdio_driver_api.static.*)))
                0x00008868                        _mdio_driver_api_list_end = .

mipi_dbi_driver_api_area
                0x00008868        0x0
                0x00008868                        _mipi_dbi_driver_api_list_start = .
 *(SORT_BY_NAME(SORT_BY_ALIGNMENT(._mipi_dbi_driver_api.static.*)))
                0x00008868                        _mipi_dbi_driver_api_list_end = .

mipi_dsi_driver_api_area
                0x00008868        0x0
                0x00008868                        _mipi_dsi_driver_api_list_start = .
 *(SORT_BY_NAME(SORT_BY_ALIGNMENT(._mipi_dsi_driver_api.static.*)))